Archive member included to satisfy reference by file (symbol)

C:/ST/STM32CubeCLT/GNU-tools-for-STM32/bin/../lib/gcc/arm-none-eabi/11.3.1/../../../../arm-none-eabi/lib/thumb/v7e-m/nofp\libstdc++_nano.a(atexit_arm.o)
                              CMakeFiles/RM_Frame_C.elf.dir/userCode/tasks/Src/ChassisTask.cpp.obj (__aeabi_atexit)
C:/ST/STM32CubeCLT/GNU-tools-for-STM32/bin/../lib/gcc/arm-none-eabi/11.3.1/../../../../arm-none-eabi/lib/thumb/v7e-m/nofp\libstdc++_nano.a(class_type_info.o)
                              CMakeFiles/RM_Frame_C.elf.dir/userCode/devices/Src/Motor.cpp.obj (vtable for __cxxabiv1::__class_type_info)
C:/ST/STM32CubeCLT/GNU-tools-for-STM32/bin/../lib/gcc/arm-none-eabi/11.3.1/../../../../arm-none-eabi/lib/thumb/v7e-m/nofp\libstdc++_nano.a(del_ops.o)
                              C:/ST/STM32CubeCLT/GNU-tools-for-STM32/bin/../lib/gcc/arm-none-eabi/11.3.1/../../../../arm-none-eabi/lib/thumb/v7e-m/nofp\libstdc++_nano.a(class_type_info.o) (operator delete(void*, unsigned int))
C:/ST/STM32CubeCLT/GNU-tools-for-STM32/bin/../lib/gcc/arm-none-eabi/11.3.1/../../../../arm-none-eabi/lib/thumb/v7e-m/nofp\libstdc++_nano.a(si_class_type_info.o)
                              CMakeFiles/RM_Frame_C.elf.dir/userCode/devices/Src/Servo.cpp.obj (vtable for __cxxabiv1::__si_class_type_info)
C:/ST/STM32CubeCLT/GNU-tools-for-STM32/bin/../lib/gcc/arm-none-eabi/11.3.1/../../../../arm-none-eabi/lib/thumb/v7e-m/nofp\libstdc++_nano.a(tinfo.o)
                              C:/ST/STM32CubeCLT/GNU-tools-for-STM32/bin/../lib/gcc/arm-none-eabi/11.3.1/../../../../arm-none-eabi/lib/thumb/v7e-m/nofp\libstdc++_nano.a(class_type_info.o) (std::type_info::~type_info())
C:/ST/STM32CubeCLT/GNU-tools-for-STM32/bin/../lib/gcc/arm-none-eabi/11.3.1/../../../../arm-none-eabi/lib/thumb/v7e-m/nofp\libstdc++_nano.a(vmi_class_type_info.o)
                              CMakeFiles/RM_Frame_C.elf.dir/userCode/devices/Src/Motor.cpp.obj (vtable for __cxxabiv1::__vmi_class_type_info)
C:/ST/STM32CubeCLT/GNU-tools-for-STM32/bin/../lib/gcc/arm-none-eabi/11.3.1/../../../../arm-none-eabi/lib/thumb/v7e-m/nofp\libstdc++_nano.a(del_op.o)
                              C:/ST/STM32CubeCLT/GNU-tools-for-STM32/bin/../lib/gcc/arm-none-eabi/11.3.1/../../../../arm-none-eabi/lib/thumb/v7e-m/nofp\libstdc++_nano.a(del_ops.o) (operator delete(void*))
C:/ST/STM32CubeCLT/GNU-tools-for-STM32/bin/../lib/gcc/arm-none-eabi/11.3.1/../../../../arm-none-eabi/lib/thumb/v7e-m/nofp\libm.a(libm_a-s_log2.o)
                              CMakeFiles/RM_Frame_C.elf.dir/userCode/devices/Src/Motor.cpp.obj (log2)
C:/ST/STM32CubeCLT/GNU-tools-for-STM32/bin/../lib/gcc/arm-none-eabi/11.3.1/../../../../arm-none-eabi/lib/thumb/v7e-m/nofp\libm.a(libm_a-w_log.o)
                              C:/ST/STM32CubeCLT/GNU-tools-for-STM32/bin/../lib/gcc/arm-none-eabi/11.3.1/../../../../arm-none-eabi/lib/thumb/v7e-m/nofp\libm.a(libm_a-s_log2.o) (log)
C:/ST/STM32CubeCLT/GNU-tools-for-STM32/bin/../lib/gcc/arm-none-eabi/11.3.1/../../../../arm-none-eabi/lib/thumb/v7e-m/nofp\libm.a(libm_a-s_nan.o)
                              C:/ST/STM32CubeCLT/GNU-tools-for-STM32/bin/../lib/gcc/arm-none-eabi/11.3.1/../../../../arm-none-eabi/lib/thumb/v7e-m/nofp\libm.a(libm_a-w_log.o) (nan)
C:/ST/STM32CubeCLT/GNU-tools-for-STM32/bin/../lib/gcc/arm-none-eabi/11.3.1/../../../../arm-none-eabi/lib/thumb/v7e-m/nofp\libm.a(libm_a-e_log.o)
                              C:/ST/STM32CubeCLT/GNU-tools-for-STM32/bin/../lib/gcc/arm-none-eabi/11.3.1/../../../../arm-none-eabi/lib/thumb/v7e-m/nofp\libm.a(libm_a-w_log.o) (__ieee754_log)
C:/ST/STM32CubeCLT/GNU-tools-for-STM32/bin/../lib/gcc/arm-none-eabi/11.3.1/thumb/v7e-m/nofp\libgcc.a(_arm_muldf3.o)
                              CMakeFiles/RM_Frame_C.elf.dir/userCode/devices/Src/Device.cpp.obj (__aeabi_dmul)
C:/ST/STM32CubeCLT/GNU-tools-for-STM32/bin/../lib/gcc/arm-none-eabi/11.3.1/thumb/v7e-m/nofp\libgcc.a(_arm_mulsf3.o)
                              CMakeFiles/RM_Frame_C.elf.dir/userCode/devices/Src/Device.cpp.obj (__aeabi_fmul)
C:/ST/STM32CubeCLT/GNU-tools-for-STM32/bin/../lib/gcc/arm-none-eabi/11.3.1/thumb/v7e-m/nofp\libgcc.a(_arm_addsubdf3.o)
                              C:/ST/STM32CubeCLT/GNU-tools-for-STM32/bin/../lib/gcc/arm-none-eabi/11.3.1/../../../../arm-none-eabi/lib/thumb/v7e-m/nofp\libm.a(libm_a-e_log.o) (__aeabi_dsub)
C:/ST/STM32CubeCLT/GNU-tools-for-STM32/bin/../lib/gcc/arm-none-eabi/11.3.1/thumb/v7e-m/nofp\libgcc.a(_arm_muldivdf3.o)
                              C:/ST/STM32CubeCLT/GNU-tools-for-STM32/bin/../lib/gcc/arm-none-eabi/11.3.1/../../../../arm-none-eabi/lib/thumb/v7e-m/nofp\libm.a(libm_a-s_log2.o) (__aeabi_ddiv)
C:/ST/STM32CubeCLT/GNU-tools-for-STM32/bin/../lib/gcc/arm-none-eabi/11.3.1/thumb/v7e-m/nofp\libgcc.a(_arm_cmpdf2.o)
                              C:/ST/STM32CubeCLT/GNU-tools-for-STM32/bin/../lib/gcc/arm-none-eabi/11.3.1/../../../../arm-none-eabi/lib/thumb/v7e-m/nofp\libm.a(libm_a-w_log.o) (__aeabi_dcmpeq)
[...]
Memory Configuration

Name             Origin             Length             Attributes
RAM              0x0000000020000000 0x0000000000020000 xrw
CCMRAM           0x0000000010000000 0x0000000000010000 rw
FLASH            0x0000000008000000 0x0000000000100000 xr
*default*        0x0000000000000000 0xffffffffffffffff

Linker script and memory map

LOAD C:/ST/STM32CubeCLT/GNU-tools-for-STM32/bin/../lib/gcc/arm-none-eabi/11.3.1/thumb/v7e-m/nofp/crti.o
LOAD C:/ST/STM32CubeCLT/GNU-tools-for-STM32/bin/../lib/gcc/arm-none-eabi/11.3.1/thumb/v7e-m/nofp/crtbegin.o
LOAD C:/ST/STM32CubeCLT/GNU-tools-for-STM32/bin/../lib/gcc/arm-none-eabi/11.3.1/../../../../arm-none-eabi/lib/thumb/v7e-m/nofp/crt0.o
LOAD CMakeFiles/RM_Frame_C.elf.dir/Drivers/STM32F4xx_HAL_Driver/Src/stm32f4xx_hal.c.obj
LOAD CMakeFiles/RM_Frame_C.elf.dir/Drivers/STM32F4xx_HAL_Driver/Src/stm32f4xx_hal_adc.c.obj
LOAD CMakeFiles/RM_Frame_C.elf.dir/Drivers/STM32F4xx_HAL_Driver/Src/stm32f4xx_hal_adc_ex.c.obj
LOAD CMakeFiles/RM_Frame_C.elf.dir/Drivers/STM32F4xx_HAL_Driver/Src/stm32f4xx_hal_can.c.obj
LOAD CMakeFiles/RM_Frame_C.elf.dir/Drivers/STM32F4xx_HAL_Driver/Src/stm32f4xx_hal_cortex.c.obj
LOAD CMakeFiles/RM_Frame_C.elf.dir/Drivers/STM32F4xx_HAL_Driver/Src/stm32f4xx_hal_dma.c.obj
LOAD CMakeFiles/RM_Frame_C.elf.dir/Drivers/STM32F4xx_HAL_Driver/Src/stm32f4xx_hal_dma_ex.c.obj
LOAD CMakeFiles/RM_Frame_C.elf.dir/Drivers/STM32F4xx_HAL_Driver/Src/stm32f4xx_hal_exti.c.obj
LOAD CMakeFiles/RM_Frame_C.elf.dir/Drivers/STM32F4xx_HAL_Driver/Src/stm32f4xx_hal_flash.c.obj
LOAD CMakeFiles/RM_Frame_C.elf.dir/Drivers/STM32F4xx_HAL_Driver/Src/stm32f4xx_hal_flash_ex.c.obj
LOAD CMakeFiles/RM_Frame_C.elf.dir/Drivers/STM32F4xx_HAL_Driver/Src/stm32f4xx_hal_flash_ramfunc.c.obj
LOAD CMakeFiles/RM_Frame_C.elf.dir/Drivers/STM32F4xx_HAL_Driver/Src/stm32f4xx_hal_gpio.c.obj
LOAD CMakeFiles/RM_Frame_C.elf.dir/Drivers/STM32F4xx_HAL_Driver/Src/stm32f4xx_hal_i2c.c.obj
LOAD CMakeFiles/RM_Frame_C.elf.dir/Drivers/STM32F4xx_HAL_Driver/Src/stm32f4xx_hal_i2c_ex.c.obj
LOAD CMakeFiles/RM_Frame_C.elf.dir/Drivers/STM32F4xx_HAL_Driver/Src/stm32f4xx_hal_iwdg.c.obj
LOAD CMakeFiles/RM_Frame_C.elf.dir/Drivers/STM32F4xx_HAL_Driver/Src/stm32f4xx_hal_pcd.c.obj
LOAD CMakeFiles/RM_Frame_C.elf.dir/Drivers/STM32F4xx_HAL_Driver/Src/stm32f4xx_hal_pcd_ex.c.obj
LOAD CMakeFiles/RM_Frame_C.elf.dir/Drivers/STM32F4xx_HAL_Driver/Src/stm32f4xx_hal_pwr.c.obj
LOAD CMakeFiles/RM_Frame_C.elf.dir/Drivers/STM32F4xx_HAL_Driver/Src/stm32f4xx_hal_pwr_ex.c.obj
LOAD CMakeFiles/RM_Frame_C.elf.dir/Drivers/STM32F4xx_HAL_Driver/Src/stm32f4xx_hal_rcc.c.obj
LOAD CMakeFiles/RM_Frame_C.elf.dir/Drivers/STM32F4xx_HAL_Driver/Src/stm32f4xx_hal_rcc_ex.c.obj
LOAD CMakeFiles/RM_Frame_C.elf.dir/Drivers/STM32F4xx_HAL_Driver/Src/stm32f4xx_hal_spi.c.obj
LOAD CMakeFiles/RM_Frame_C.elf.dir/Drivers/STM32F4xx_HAL_Driver/Src/stm32f4xx_hal_tim.c.obj
LOAD CMakeFiles/RM_Frame_C.elf.dir/Drivers/STM32F4xx_HAL_Driver/Src/stm32f4xx_hal_tim_ex.c.obj
LOAD CMakeFiles/RM_Frame_C.elf.dir/Drivers/STM32F4xx_HAL_Driver/Src/stm32f4xx_hal_uart.c.obj
LOAD CMakeFiles/RM_Frame_C.elf.dir/Drivers/STM32F4xx_HAL_Driver/Src/stm32f4xx_ll_usb.c.obj
LOAD CMakeFiles/RM_Frame_C.elf.dir/Middlewares/ST/STM32_USB_Device_Library/Class/CDC/Src/usbd_cdc.c.obj
LOAD CMakeFiles/RM_Frame_C.elf.dir/Middlewares/ST/STM32_USB_Device_Library/Core/Src/usbd_core.c.obj
LOAD CMakeFiles/RM_Frame_C.elf.dir/Middlewares/ST/STM32_USB_Device_Library/Core/Src/usbd_ctlreq.c.obj
LOAD CMakeFiles/RM_Frame_C.elf.dir/Middlewares/ST/STM32_USB_Device_Library/Core/Src/usbd_ioreq.c.obj
LOAD CMakeFiles/RM_Frame_C.elf.dir/Src/adc.c.obj
LOAD CMakeFiles/RM_Frame_C.elf.dir/Src/can.c.obj
LOAD CMakeFiles/RM_Frame_C.elf.dir/Src/dma.c.obj
LOAD CMakeFiles/RM_Frame_C.elf.dir/Src/gpio.c.obj
LOAD CMakeFiles/RM_Frame_C.elf.dir/Src/i2c.c.obj
LOAD CMakeFiles/RM_Frame_C.elf.dir/Src/iwdg.c.obj
LOAD CMakeFiles/RM_Frame_C.elf.dir/Src/main.c.obj
LOAD CMakeFiles/RM_Frame_C.elf.dir/Src/spi.c.obj
LOAD CMakeFiles/RM_Frame_C.elf.dir/Src/stm32f4xx_hal_msp.c.obj
LOAD CMakeFiles/RM_Frame_C.elf.dir/Src/stm32f4xx_it.c.obj
LOAD CMakeFiles/RM_Frame_C.elf.dir/Src/system_stm32f4xx.c.obj
LOAD CMakeFiles/RM_Frame_C.elf.dir/Src/tim.c.obj
LOAD CMakeFiles/RM_Frame_C.elf.dir/Src/usart.c.obj
LOAD CMakeFiles/RM_Frame_C.elf.dir/Src/usb_device.c.obj
LOAD CMakeFiles/RM_Frame_C.elf.dir/Src/usbd_cdc_if.c.obj
LOAD CMakeFiles/RM_Frame_C.elf.dir/Src/usbd_conf.c.obj
LOAD CMakeFiles/RM_Frame_C.elf.dir/Src/usbd_desc.c.obj
LOAD CMakeFiles/RM_Frame_C.elf.dir/startup/startup_stm32f407xx.s.obj
LOAD CMakeFiles/RM_Frame_C.elf.dir/userCode/devices/Src/Device.cpp.obj
LOAD CMakeFiles/RM_Frame_C.elf.dir/userCode/devices/Src/Motor.cpp.obj
LOAD CMakeFiles/RM_Frame_C.elf.dir/userCode/devices/Src/RemoteControl.cpp.obj
LOAD CMakeFiles/RM_Frame_C.elf.dir/userCode/devices/Src/Servo.cpp.obj
LOAD CMakeFiles/RM_Frame_C.elf.dir/userCode/tasks/Src/ChassisTask.cpp.obj
LOAD CMakeFiles/RM_Frame_C.elf.dir/userCode/tasks/Src/ControlTask.cpp.obj
LOAD CMakeFiles/RM_Frame_C.elf.dir/userCode/tasks/Src/UserTask.cpp.obj
LOAD C:/ST/STM32CubeCLT/GNU-tools-for-STM32/bin/../lib/gcc/arm-none-eabi/11.3.1/../../../../arm-none-eabi/lib/thumb/v7e-m/nofp\libstdc++_nano.a
LOAD C:/ST/STM32CubeCLT/GNU-tools-for-STM32/bin/../lib/gcc/arm-none-eabi/11.3.1/../../../../arm-none-eabi/lib/thumb/v7e-m/nofp\libm.a
START GROUP
LOAD C:/ST/STM32CubeCLT/GNU-tools-for-STM32/bin/../lib/gcc/arm-none-eabi/11.3.1/thumb/v7e-m/nofp\libgcc.a
LOAD C:/ST/STM32CubeCLT/GNU-tools-for-STM32/bin/../lib/gcc/arm-none-eabi/11.3.1/../../../../arm-none-eabi/lib/thumb/v7e-m/nofp\libg_nano.a
LOAD C:/ST/STM32CubeCLT/GNU-tools-for-STM32/bin/../lib/gcc/arm-none-eabi/11.3.1/../../../../arm-none-eabi/lib/thumb/v7e-m/nofp\libc_nano.a
END GROUP
START GROUP
LOAD C:/ST/STM32CubeCLT/GNU-tools-for-STM32/bin/../lib/gcc/arm-none-eabi/11.3.1/thumb/v7e-m/nofp\libgcc.a
LOAD C:/ST/STM32CubeCLT/GNU-tools-for-STM32/bin/../lib/gcc/arm-none-eabi/11.3.1/../../../../arm-none-eabi/lib/thumb/v7e-m/nofp\libc_nano.a
LOAD C:/ST/STM32CubeCLT/GNU-tools-for-STM32/bin/../lib/gcc/arm-none-eabi/11.3.1/../../../../arm-none-eabi/lib/thumb/v7e-m/nofp\libnosys.a
END GROUP
START GROUP
LOAD C:/ST/STM32CubeCLT/GNU-tools-for-STM32/bin/../lib/gcc/arm-none-eabi/11.3.1/thumb/v7e-m/nofp\libgcc.a
LOAD C:/ST/STM32CubeCLT/GNU-tools-for-STM32/bin/../lib/gcc/arm-none-eabi/11.3.1/../../../../arm-none-eabi/lib/thumb/v7e-m/nofp\libc_nano.a
LOAD C:/ST/STM32CubeCLT/GNU-tools-for-STM32/bin/../lib/gcc/arm-none-eabi/11.3.1/../../../../arm-none-eabi/lib/thumb/v7e-m/nofp\libnosys.a
END GROUP
LOAD C:/ST/STM32CubeCLT/GNU-tools-for-STM32/bin/../lib/gcc/arm-none-eabi/11.3.1/thumb/v7e-m/nofp/crtend.o
LOAD C:/ST/STM32CubeCLT/GNU-tools-for-STM32/bin/../lib/gcc/arm-none-eabi/11.3.1/thumb/v7e-m/nofp/crtn.o
                0x0000000020020000                _estack = 0x20020000
                0x0000000000001000                _Min_Heap_Size = 0x1000
                0x0000000000000800                _Min_Stack_Size = 0x800

.isr_vector     0x0000000008000000      0x188
                0x0000000008000000                . = ALIGN (0x4)
 *(.isr_vector)
 .isr_vector    0x0000000008000000      0x188 CMakeFiles/RM_Frame_C.elf.dir/startup/startup_stm32f407xx.s.obj
                0x0000000008000000                g_pfnVectors
                0x0000000008000188                . = ALIGN (0x4)

.text           0x0000000008000188     0xf5c0
                0x0000000008000188                . = ALIGN (0x4)
 *(.text)
 .text          0x0000000008000188       0x40 C:/ST/STM32CubeCLT/GNU-tools-for-STM32/bin/../lib/gcc/arm-none-eabi/11.3.1/thumb/v7e-m/nofp/crtbegin.o
 .text          0x00000000080001c8      0x378 C:/ST/STM32CubeCLT/GNU-tools-for-STM32/bin/../lib/gcc/arm-none-eabi/11.3.1/thumb/v7e-m/nofp\libgcc.a(_arm_addsubdf3.o)
                0x00000000080001c8                __aeabi_drsub
                0x00000000080001d0                __aeabi_dsub
                0x00000000080001d0                __subdf3
                0x00000000080001d4                __aeabi_dadd
                0x00000000080001d4                __adddf3
                0x000000000800044c                __floatunsidf
                0x000000000800044c                __aeabi_ui2d
                0x000000000800046c                __floatsidf
                0x000000000800046c                __aeabi_i2d
                0x0000000008000490                __aeabi_f2d
                0x0000000008000490                __extendsfdf2
                0x00000000080004d4                __floatundidf
                0x00000000080004d4                __aeabi_ul2d
                0x00000000080004e4                __floatdidf
                0x00000000080004e4                __aeabi_l2d
 .text          0x0000000008000540      0x424 C:/ST/STM32CubeCLT/GNU-tools-for-STM32/bin/../lib/gcc/arm-none-eabi/11.3.1/thumb/v7e-m/nofp\libgcc.a(_arm_muldivdf3.o)
                0x0000000008000540                __aeabi_dmul
                0x0000000008000540                __muldf3
                0x0000000008000794                __divdf3
                0x0000000008000794                __aeabi_ddiv
 .text          0x0000000008000964      0x110 C:/ST/STM32CubeCLT/GNU-tools-for-STM32/bin/../lib/gcc/arm-none-eabi/11.3.1/thumb/v7e-m/nofp\libgcc.a(_arm_cmpdf2.o)
                0x0000000008000964                __gtdf2
                0x0000000008000964                __gedf2
                0x000000000800096c                __ltdf2
                0x000000000800096c                __ledf2
                0x0000000008000974                __nedf2
                0x0000000008000974                __eqdf2
                0x0000000008000974                __cmpdf2
                0x00000000080009f0                __aeabi_cdrcmple
                0x0000000008000a00                __aeabi_cdcmpeq
                0x0000000008000a00                __aeabi_cdcmple
                0x0000000008000a10                __aeabi_dcmpeq
                0x0000000008000a24                __aeabi_dcmplt
                0x0000000008000a38                __aeabi_dcmple
                0x0000000008000a4c                __aeabi_dcmpge
                0x0000000008000a60                __aeabi_dcmpgt
 .text          0x0000000008000a74       0x2c C:/ST/STM32CubeCLT/GNU-tools-for-STM32/bin/../lib/gcc/arm-none-eabi/11.3.1/thumb/v7e-m/nofp\libgcc.a(_arm_unorddf2.o)
                0x0000000008000a74                __unorddf2
                0x0000000008000a74                __aeabi_dcmpun
 .text          0x0000000008000aa0       0x40 C:/ST/STM32CubeCLT/GNU-tools-for-STM32/bin/../lib/gcc/arm-none-eabi/11.3.1/thumb/v7e-m/nofp\libgcc.a(_arm_fixunsdfsi.o)
                0x0000000008000aa0                __aeabi_d2uiz
                0x0000000008000aa0                __fixunsdfsi
 .text          0x0000000008000ae0       0xa0 C:/ST/STM32CubeCLT/GNU-tools-for-STM32/bin/../lib/gcc/arm-none-eabi/11.3.1/thumb/v7e-m/nofp\libgcc.a(_arm_truncdfsf2.o)
                0x0000000008000ae0                __truncdfsf2
                0x0000000008000ae0                __aeabi_d2f
 .text          0x0000000008000b80      0x21c C:/ST/STM32CubeCLT/GNU-tools-for-STM32/bin/../lib/gcc/arm-none-eabi/11.3.1/thumb/v7e-m/nofp\libgcc.a(_arm_addsubsf3.o)
                0x0000000008000b80                __aeabi_frsub
                0x0000000008000b88                __subsf3
                0x0000000008000b88                __aeabi_fsub
                0x0000000008000b8c                __aeabi_fadd
                0x0000000008000b8c                __addsf3
                0x0000000008000cec                __aeabi_ui2f
                0x0000000008000cec                __floatunsisf
                0x0000000008000cf4                __aeabi_i2f
                0x0000000008000cf4                __floatsisf
                0x0000000008000d10                __aeabi_ul2f
                0x0000000008000d10                __floatundisf
                0x0000000008000d20                __aeabi_l2f
                0x0000000008000d20                __floatdisf
 .text          0x0000000008000d9c      0x2a0 C:/ST/STM32CubeCLT/GNU-tools-for-STM32/bin/../lib/gcc/arm-none-eabi/11.3.1/thumb/v7e-m/nofp\libgcc.a(_arm_muldivsf3.o)
                0x0000000008000d9c                __mulsf3
                0x0000000008000d9c                __aeabi_fmul
                0x0000000008000f04                __aeabi_fdiv
                0x0000000008000f04                __divsf3
 .text          0x000000000800103c       0xec C:/ST/STM32CubeCLT/GNU-tools-for-STM32/bin/../lib/gcc/arm-none-eabi/11.3.1/thumb/v7e-m/nofp\libgcc.a(_arm_cmpsf2.o)
                0x000000000800103c                __gesf2
                0x000000000800103c                __gtsf2
                0x0000000008001044                __lesf2
                0x0000000008001044                __ltsf2
                0x000000000800104c                __nesf2
                0x000000000800104c                __eqsf2
                0x000000000800104c                __cmpsf2
                0x00000000080010ac                __aeabi_cfrcmple
                0x00000000080010b4                __aeabi_cfcmpeq
                0x00000000080010b4                __aeabi_cfcmple
                0x00000000080010c4                __aeabi_fcmpeq
                0x00000000080010d8                __aeabi_fcmplt
                0x00000000080010ec                __aeabi_fcmple
                0x0000000008001100                __aeabi_fcmpge
                0x0000000008001114                __aeabi_fcmpgt
 .text          0x0000000008001128       0x4c C:/ST/STM32CubeCLT/GNU-tools-for-STM32/bin/../lib/gcc/arm-none-eabi/11.3.1/thumb/v7e-m/nofp\libgcc.a(_arm_fixsfsi.o)
                0x0000000008001128                __aeabi_f2iz
                0x0000000008001128                __fixsfsi
 .text          0x0000000008001174       0x40 C:/ST/STM32CubeCLT/GNU-tools-for-STM32/bin/../lib/gcc/arm-none-eabi/11.3.1/thumb/v7e-m/nofp\libgcc.a(_arm_fixunssfsi.o)
                0x0000000008001174                __fixunssfsi
                0x0000000008001174                __aeabi_f2uiz
 .text          0x00000000080011b4       0x30 C:/ST/STM32CubeCLT/GNU-tools-for-STM32/bin/../lib/gcc/arm-none-eabi/11.3.1/thumb/v7e-m/nofp\libgcc.a(_aeabi_uldivmod.o)
                0x00000000080011b4                __aeabi_uldivmod
 .text          0x00000000080011e4      0x2c8 C:/ST/STM32CubeCLT/GNU-tools-for-STM32/bin/../lib/gcc/arm-none-eabi/11.3.1/thumb/v7e-m/nofp\libgcc.a(_udivmoddi4.o)
                0x00000000080011e4                __udivmoddi4
 .text          0x00000000080014ac      0xa00 C:/ST/STM32CubeCLT/GNU-tools-for-STM32/bin/../lib/gcc/arm-none-eabi/11.3.1/thumb/v7e-m/nofp\libgcc.a(unwind-arm.o)
                0x0000000008001750                _Unwind_GetCFA
                0x0000000008001754                __gnu_Unwind_RaiseException
                0x00000000080017bc                __gnu_Unwind_ForcedUnwind
                0x00000000080017cc                __gnu_Unwind_Resume
                0x0000000008001810                __gnu_Unwind_Resume_or_Rethrow
                0x0000000008001820                _Unwind_Complete
                0x0000000008001824                _Unwind_DeleteException
                0x0000000008001830                _Unwind_VRS_Get
                0x000000000800187c                _Unwind_VRS_Set
                0x00000000080018c4                __gnu_Unwind_Backtrace
                0x0000000008001bf0                __aeabi_unwind_cpp_pr0
                0x0000000008001bf4                __aeabi_unwind_cpp_pr1
                0x0000000008001bf8                __aeabi_unwind_cpp_pr2
                0x0000000008001bfc                _Unwind_VRS_Pop
 .text          0x0000000008001eac      0x1ac C:/ST/STM32CubeCLT/GNU-tools-for-STM32/bin/../lib/gcc/arm-none-eabi/11.3.1/thumb/v7e-m/nofp\libgcc.a(libunwind.o)
                0x0000000008001eac                __restore_core_regs
                0x0000000008001eac                restore_core_regs
                0x0000000008001ec4                __gnu_Unwind_Restore_VFP
                0x0000000008001ecc                __gnu_Unwind_Save_VFP
                0x0000000008001ed4                __gnu_Unwind_Restore_VFP_D
                0x0000000008001edc                __gnu_Unwind_Save_VFP_D
                0x0000000008001ee4                __gnu_Unwind_Restore_VFP_D_16_to_31
                0x0000000008001eec                __gnu_Unwind_Save_VFP_D_16_to_31
                0x0000000008001ef4                __gnu_Unwind_Restore_WMMXD
                0x0000000008001f38                __gnu_Unwind_Save_WMMXD
                0x0000000008001f7c                __gnu_Unwind_Restore_WMMXC
                0x0000000008001f90                __gnu_Unwind_Save_WMMXC
                0x0000000008001fa4                ___Unwind_RaiseException
                0x0000000008001fa4                _Unwind_RaiseException
                0x0000000008001fc8                _Unwind_Resume
                0x0000000008001fc8                ___Unwind_Resume
                0x0000000008001fec                _Unwind_Resume_or_Rethrow
                0x0000000008001fec                ___Unwind_Resume_or_Rethrow
                0x0000000008002010                _Unwind_ForcedUnwind
                0x0000000008002010                ___Unwind_ForcedUnwind
                0x0000000008002034                ___Unwind_Backtrace
                0x0000000008002034                _Unwind_Backtrace
 .text          0x0000000008002058      0x330 C:/ST/STM32CubeCLT/GNU-tools-for-STM32/bin/../lib/gcc/arm-none-eabi/11.3.1/thumb/v7e-m/nofp\libgcc.a(pr-support.o)
                0x00000000080020b0                __gnu_unwind_execute
                0x000000000800233c                __gnu_unwind_frame
                0x0000000008002368                _Unwind_GetRegionStart
                0x0000000008002374                _Unwind_GetLanguageSpecificData
 .text          0x0000000008002388        0x4 C:/ST/STM32CubeCLT/GNU-tools-for-STM32/bin/../lib/gcc/arm-none-eabi/11.3.1/thumb/v7e-m/nofp\libgcc.a(_dvmd_tls.o)
                0x0000000008002388                __aeabi_idiv0
                0x0000000008002388                __aeabi_ldiv0
 .text          0x000000000800238c       0x14 C:/ST/STM32CubeCLT/GNU-tools-for-STM32/bin/../lib/gcc/arm-none-eabi/11.3.1/../../../../arm-none-eabi/lib/thumb/v7e-m/nofp\libg_nano.a(libc_a-strcmp.o)
                0x000000000800238c                strcmp
 *(.text*)
 .text.HAL_Init
                0x00000000080023a0       0x44 CMakeFiles/RM_Frame_C.elf.dir/Drivers/STM32F4xx_HAL_Driver/Src/stm32f4xx_hal.c.obj
                0x00000000080023a0                HAL_Init
 .text.HAL_InitTick
                0x00000000080023e4       0x60 CMakeFiles/RM_Frame_C.elf.dir/Drivers/STM32F4xx_HAL_Driver/Src/stm32f4xx_hal.c.obj
                0x00000000080023e4                HAL_InitTick
 .text.HAL_IncTick
                0x0000000008002444       0x24 CMakeFiles/RM_Frame_C.elf.dir/Drivers/STM32F4xx_HAL_Driver/Src/stm32f4xx_hal.c.obj
                0x0000000008002444                HAL_IncTick
 .text.HAL_GetTick
                0x0000000008002468       0x14 CMakeFiles/RM_Frame_C.elf.dir/Drivers/STM32F4xx_HAL_Driver/Src/stm32f4xx_hal.c.obj
                0x0000000008002468                HAL_GetTick
 .text.HAL_Delay
                0x000000000800247c       0x48 CMakeFiles/RM_Frame_C.elf.dir/Drivers/STM32F4xx_HAL_Driver/Src/stm32f4xx_hal.c.obj
                0x000000000800247c                HAL_Delay
 .text.HAL_ADC_Init
                0x00000000080024c4       0x86 CMakeFiles/RM_Frame_C.elf.dir/Drivers/STM32F4xx_HAL_Driver/Src/stm32f4xx_hal_adc.c.obj
                0x00000000080024c4                HAL_ADC_Init
 *fill*         0x000000000800254a        0x2 
 .text.HAL_ADC_Start
                0x000000000800254c      0x188 CMakeFiles/RM_Frame_C.elf.dir/Drivers/STM32F4xx_HAL_Driver/Src/stm32f4xx_hal_adc.c.obj
                0x000000000800254c                HAL_ADC_Start
 .text.HAL_ADC_Stop
                0x00000000080026d4       0x64 CMakeFiles/RM_Frame_C.elf.dir/Drivers/STM32F4xx_HAL_Driver/Src/stm32f4xx_hal_adc.c.obj
                0x00000000080026d4                HAL_ADC_Stop
 .text.HAL_ADC_PollForConversion
                0x0000000008002738      0x108 CMakeFiles/RM_Frame_C.elf.dir/Drivers/STM32F4xx_HAL_Driver/Src/stm32f4xx_hal_adc.c.obj
                0x0000000008002738                HAL_ADC_PollForConversion
 .text.HAL_ADC_GetValue
                0x0000000008002840       0x18 CMakeFiles/RM_Frame_C.elf.dir/Drivers/STM32F4xx_HAL_Driver/Src/stm32f4xx_hal_adc.c.obj
                0x0000000008002840                HAL_ADC_GetValue
 .text.HAL_ADC_ConfigChannel
                0x0000000008002858      0x244 CMakeFiles/RM_Frame_C.elf.dir/Drivers/STM32F4xx_HAL_Driver/Src/stm32f4xx_hal_adc.c.obj
                0x0000000008002858                HAL_ADC_ConfigChannel
 .text.ADC_Init
                0x0000000008002a9c      0x1f8 CMakeFiles/RM_Frame_C.elf.dir/Drivers/STM32F4xx_HAL_Driver/Src/stm32f4xx_hal_adc.c.obj
 .text.HAL_CAN_Init
                0x0000000008002c94      0x1f6 CMakeFiles/RM_Frame_C.elf.dir/Drivers/STM32F4xx_HAL_Driver/Src/stm32f4xx_hal_can.c.obj
                0x0000000008002c94                HAL_CAN_Init
 *fill*         0x0000000008002e8a        0x2 
 .text.HAL_CAN_ConfigFilter
                0x0000000008002e8c      0x1c0 CMakeFiles/RM_Frame_C.elf.dir/Drivers/STM32F4xx_HAL_Driver/Src/stm32f4xx_hal_can.c.obj
                0x0000000008002e8c                HAL_CAN_ConfigFilter
 .text.HAL_CAN_Start
                0x000000000800304c       0x88 CMakeFiles/RM_Frame_C.elf.dir/Drivers/STM32F4xx_HAL_Driver/Src/stm32f4xx_hal_can.c.obj
                0x000000000800304c                HAL_CAN_Start
 .text.HAL_CAN_AddTxMessage
                0x00000000080030d4      0x1b4 CMakeFiles/RM_Frame_C.elf.dir/Drivers/STM32F4xx_HAL_Driver/Src/stm32f4xx_hal_can.c.obj
                0x00000000080030d4                HAL_CAN_AddTxMessage
 .text.HAL_CAN_GetRxMessage
                0x0000000008003288      0x222 CMakeFiles/RM_Frame_C.elf.dir/Drivers/STM32F4xx_HAL_Driver/Src/stm32f4xx_hal_can.c.obj
                0x0000000008003288                HAL_CAN_GetRxMessage
 .text.HAL_CAN_ActivateNotification
                0x00000000080034aa       0x4a CMakeFiles/RM_Frame_C.elf.dir/Drivers/STM32F4xx_HAL_Driver/Src/stm32f4xx_hal_can.c.obj
                0x00000000080034aa                HAL_CAN_ActivateNotification
 .text.HAL_CAN_IRQHandler
                0x00000000080034f4      0x36e CMakeFiles/RM_Frame_C.elf.dir/Drivers/STM32F4xx_HAL_Driver/Src/stm32f4xx_hal_can.c.obj
                0x00000000080034f4                HAL_CAN_IRQHandler
 .text.HAL_CAN_TxMailbox0CompleteCallback
                0x0000000008003862       0x12 CMakeFiles/RM_Frame_C.elf.dir/Drivers/STM32F4xx_HAL_Driver/Src/stm32f4xx_hal_can.c.obj
                0x0000000008003862                HAL_CAN_TxMailbox0CompleteCallback
 .text.HAL_CAN_TxMailbox1CompleteCallback
                0x0000000008003874       0x12 CMakeFiles/RM_Frame_C.elf.dir/Drivers/STM32F4xx_HAL_Driver/Src/stm32f4xx_hal_can.c.obj
                0x0000000008003874                HAL_CAN_TxMailbox1CompleteCallback
 .text.HAL_CAN_TxMailbox2CompleteCallback
                0x0000000008003886       0x12 CMakeFiles/RM_Frame_C.elf.dir/Drivers/STM32F4xx_HAL_Driver/Src/stm32f4xx_hal_can.c.obj
                0x0000000008003886                HAL_CAN_TxMailbox2CompleteCallback
 .text.HAL_CAN_TxMailbox0AbortCallback
                0x0000000008003898       0x12 CMakeFiles/RM_Frame_C.elf.dir/Drivers/STM32F4xx_HAL_Driver/Src/stm32f4xx_hal_can.c.obj
                0x0000000008003898                HAL_CAN_TxMailbox0AbortCallback
 .text.HAL_CAN_TxMailbox1AbortCallback
                0x00000000080038aa       0x12 CMakeFiles/RM_Frame_C.elf.dir/Drivers/STM32F4xx_HAL_Driver/Src/stm32f4xx_hal_can.c.obj
                0x00000000080038aa                HAL_CAN_TxMailbox1AbortCallback
 .text.HAL_CAN_TxMailbox2AbortCallback
                0x00000000080038bc       0x12 CMakeFiles/RM_Frame_C.elf.dir/Drivers/STM32F4xx_HAL_Driver/Src/stm32f4xx_hal_can.c.obj
                0x00000000080038bc                HAL_CAN_TxMailbox2AbortCallback
 .text.HAL_CAN_RxFifo0FullCallback
                0x00000000080038ce       0x12 CMakeFiles/RM_Frame_C.elf.dir/Drivers/STM32F4xx_HAL_Driver/Src/stm32f4xx_hal_can.c.obj
                0x00000000080038ce                HAL_CAN_RxFifo0FullCallback
 .text.HAL_CAN_RxFifo1MsgPendingCallback
                0x00000000080038e0       0x12 CMakeFiles/RM_Frame_C.elf.dir/Drivers/STM32F4xx_HAL_Driver/Src/stm32f4xx_hal_can.c.obj
                0x00000000080038e0                HAL_CAN_RxFifo1MsgPendingCallback
 .text.HAL_CAN_RxFifo1FullCallback
                0x00000000080038f2       0x12 CMakeFiles/RM_Frame_C.elf.dir/Drivers/STM32F4xx_HAL_Driver/Src/stm32f4xx_hal_can.c.obj
                0x00000000080038f2                HAL_CAN_RxFifo1FullCallback
 .text.HAL_CAN_SleepCallback
                0x0000000008003904       0x12 CMakeFiles/RM_Frame_C.elf.dir/Drivers/STM32F4xx_HAL_Driver/Src/stm32f4xx_hal_can.c.obj
                0x0000000008003904                HAL_CAN_SleepCallback
 .text.HAL_CAN_WakeUpFromRxMsgCallback
                0x0000000008003916       0x12 CMakeFiles/RM_Frame_C.elf.dir/Drivers/STM32F4xx_HAL_Driver/Src/stm32f4xx_hal_can.c.obj
                0x0000000008003916                HAL_CAN_WakeUpFromRxMsgCallback
 .text.HAL_CAN_ErrorCallback
                0x0000000008003928       0x12 CMakeFiles/RM_Frame_C.elf.dir/Drivers/STM32F4xx_HAL_Driver/Src/stm32f4xx_hal_can.c.obj
                0x0000000008003928                HAL_CAN_ErrorCallback
 *fill*         0x000000000800393a        0x2 
 .text.__NVIC_SetPriorityGrouping
                0x000000000800393c       0x48 CMakeFiles/RM_Frame_C.elf.dir/Drivers/STM32F4xx_HAL_Driver/Src/stm32f4xx_hal_cortex.c.obj
 .text.__NVIC_GetPriorityGrouping
                0x0000000008003984       0x1c CMakeFiles/RM_Frame_C.elf.dir/Drivers/STM32F4xx_HAL_Driver/Src/stm32f4xx_hal_cortex.c.obj
 .text.__NVIC_EnableIRQ
                0x00000000080039a0       0x38 CMakeFiles/RM_Frame_C.elf.dir/Drivers/STM32F4xx_HAL_Driver/Src/stm32f4xx_hal_cortex.c.obj
 .text.__NVIC_SetPriority
                0x00000000080039d8       0x54 CMakeFiles/RM_Frame_C.elf.dir/Drivers/STM32F4xx_HAL_Driver/Src/stm32f4xx_hal_cortex.c.obj
 .text.NVIC_EncodePriority
                0x0000000008003a2c       0x64 CMakeFiles/RM_Frame_C.elf.dir/Drivers/STM32F4xx_HAL_Driver/Src/stm32f4xx_hal_cortex.c.obj
 .text.SysTick_Config
                0x0000000008003a90       0x44 CMakeFiles/RM_Frame_C.elf.dir/Drivers/STM32F4xx_HAL_Driver/Src/stm32f4xx_hal_cortex.c.obj
 .text.HAL_NVIC_SetPriorityGrouping
                0x0000000008003ad4       0x16 CMakeFiles/RM_Frame_C.elf.dir/Drivers/STM32F4xx_HAL_Driver/Src/stm32f4xx_hal_cortex.c.obj
                0x0000000008003ad4                HAL_NVIC_SetPriorityGrouping
 .text.HAL_NVIC_SetPriority
                0x0000000008003aea       0x38 CMakeFiles/RM_Frame_C.elf.dir/Drivers/STM32F4xx_HAL_Driver/Src/stm32f4xx_hal_cortex.c.obj
                0x0000000008003aea                HAL_NVIC_SetPriority
 .text.HAL_NVIC_EnableIRQ
                0x0000000008003b22       0x1c CMakeFiles/RM_Frame_C.elf.dir/Drivers/STM32F4xx_HAL_Driver/Src/stm32f4xx_hal_cortex.c.obj
                0x0000000008003b22                HAL_NVIC_EnableIRQ
 .text.HAL_SYSTICK_Config
                0x0000000008003b3e       0x18 CMakeFiles/RM_Frame_C.elf.dir/Drivers/STM32F4xx_HAL_Driver/Src/stm32f4xx_hal_cortex.c.obj
                0x0000000008003b3e                HAL_SYSTICK_Config
 *fill*         0x0000000008003b56        0x2 
 .text.HAL_DMA_Init
                0x0000000008003b58      0x15c CMakeFiles/RM_Frame_C.elf.dir/Drivers/STM32F4xx_HAL_Driver/Src/stm32f4xx_hal_dma.c.obj
                0x0000000008003b58                HAL_DMA_Init
 .text.HAL_DMA_Abort_IT
                0x0000000008003cb4       0x42 CMakeFiles/RM_Frame_C.elf.dir/Drivers/STM32F4xx_HAL_Driver/Src/stm32f4xx_hal_dma.c.obj
                0x0000000008003cb4                HAL_DMA_Abort_IT
 *fill*         0x0000000008003cf6        0x2 
 .text.HAL_DMA_IRQHandler
                0x0000000008003cf8      0x314 CMakeFiles/RM_Frame_C.elf.dir/Drivers/STM32F4xx_HAL_Driver/Src/stm32f4xx_hal_dma.c.obj
                0x0000000008003cf8                HAL_DMA_IRQHandler
 .text.DMA_CalcBaseAndBitshift
                0x000000000800400c       0x68 CMakeFiles/RM_Frame_C.elf.dir/Drivers/STM32F4xx_HAL_Driver/Src/stm32f4xx_hal_dma.c.obj
 .text.DMA_CheckFifoParam
                0x0000000008004074       0xf4 CMakeFiles/RM_Frame_C.elf.dir/Drivers/STM32F4xx_HAL_Driver/Src/stm32f4xx_hal_dma.c.obj
 .text.HAL_GPIO_Init
                0x0000000008004168      0x334 CMakeFiles/RM_Frame_C.elf.dir/Drivers/STM32F4xx_HAL_Driver/Src/stm32f4xx_hal_gpio.c.obj
                0x0000000008004168                HAL_GPIO_Init
 .text.HAL_GPIO_ReadPin
                0x000000000800449c       0x2e CMakeFiles/RM_Frame_C.elf.dir/Drivers/STM32F4xx_HAL_Driver/Src/stm32f4xx_hal_gpio.c.obj
                0x000000000800449c                HAL_GPIO_ReadPin
 .text.HAL_GPIO_WritePin
                0x00000000080044ca       0x30 CMakeFiles/RM_Frame_C.elf.dir/Drivers/STM32F4xx_HAL_Driver/Src/stm32f4xx_hal_gpio.c.obj
                0x00000000080044ca                HAL_GPIO_WritePin
 *fill*         0x00000000080044fa        0x2 
 .text.HAL_GPIO_EXTI_IRQHandler
                0x00000000080044fc       0x30 CMakeFiles/RM_Frame_C.elf.dir/Drivers/STM32F4xx_HAL_Driver/Src/stm32f4xx_hal_gpio.c.obj
                0x00000000080044fc                HAL_GPIO_EXTI_IRQHandler
 .text.HAL_I2C_Init
                0x000000000800452c      0x288 CMakeFiles/RM_Frame_C.elf.dir/Drivers/STM32F4xx_HAL_Driver/Src/stm32f4xx_hal_i2c.c.obj
                0x000000000800452c                HAL_I2C_Init
 .text.HAL_IWDG_Init
                0x00000000080047b4       0x72 CMakeFiles/RM_Frame_C.elf.dir/Drivers/STM32F4xx_HAL_Driver/Src/stm32f4xx_hal_iwdg.c.obj
                0x00000000080047b4                HAL_IWDG_Init
 .text.HAL_IWDG_Refresh
                0x0000000008004826       0x1e CMakeFiles/RM_Frame_C.elf.dir/Drivers/STM32F4xx_HAL_Driver/Src/stm32f4xx_hal_iwdg.c.obj
                0x0000000008004826                HAL_IWDG_Refresh
 .text.HAL_PCD_Init
                0x0000000008004844      0x23a CMakeFiles/RM_Frame_C.elf.dir/Drivers/STM32F4xx_HAL_Driver/Src/stm32f4xx_hal_pcd.c.obj
                0x0000000008004844                HAL_PCD_Init
 .text.HAL_PCD_Start
                0x0000000008004a7e       0x66 CMakeFiles/RM_Frame_C.elf.dir/Drivers/STM32F4xx_HAL_Driver/Src/stm32f4xx_hal_pcd.c.obj
                0x0000000008004a7e                HAL_PCD_Start
 .text.HAL_PCD_IRQHandler
                0x0000000008004ae4      0x746 CMakeFiles/RM_Frame_C.elf.dir/Drivers/STM32F4xx_HAL_Driver/Src/stm32f4xx_hal_pcd.c.obj
                0x0000000008004ae4                HAL_PCD_IRQHandler
 .text.HAL_PCD_SetAddress
                0x000000000800522a       0x4a CMakeFiles/RM_Frame_C.elf.dir/Drivers/STM32F4xx_HAL_Driver/Src/stm32f4xx_hal_pcd.c.obj
                0x000000000800522a                HAL_PCD_SetAddress
 .text.HAL_PCD_EP_Open
                0x0000000008005274       0xd0 CMakeFiles/RM_Frame_C.elf.dir/Drivers/STM32F4xx_HAL_Driver/Src/stm32f4xx_hal_pcd.c.obj
                0x0000000008005274                HAL_PCD_EP_Open
 .text.HAL_PCD_EP_Close
                0x0000000008005344       0x94 CMakeFiles/RM_Frame_C.elf.dir/Drivers/STM32F4xx_HAL_Driver/Src/stm32f4xx_hal_pcd.c.obj
                0x0000000008005344                HAL_PCD_EP_Close
 .text.HAL_PCD_EP_Receive
                0x00000000080053d8       0x96 CMakeFiles/RM_Frame_C.elf.dir/Drivers/STM32F4xx_HAL_Driver/Src/stm32f4xx_hal_pcd.c.obj
                0x00000000080053d8                HAL_PCD_EP_Receive
 .text.HAL_PCD_EP_GetRxCount
                0x000000000800546e       0x2e CMakeFiles/RM_Frame_C.elf.dir/Drivers/STM32F4xx_HAL_Driver/Src/stm32f4xx_hal_pcd.c.obj
                0x000000000800546e                HAL_PCD_EP_GetRxCount
 .text.HAL_PCD_EP_Transmit
                0x000000000800549c       0x94 CMakeFiles/RM_Frame_C.elf.dir/Drivers/STM32F4xx_HAL_Driver/Src/stm32f4xx_hal_pcd.c.obj
                0x000000000800549c                HAL_PCD_EP_Transmit
 .text.HAL_PCD_EP_SetStall
                0x0000000008005530       0xc8 CMakeFiles/RM_Frame_C.elf.dir/Drivers/STM32F4xx_HAL_Driver/Src/stm32f4xx_hal_pcd.c.obj
                0x0000000008005530                HAL_PCD_EP_SetStall
 .text.HAL_PCD_EP_ClrStall
                0x00000000080055f8       0xac CMakeFiles/RM_Frame_C.elf.dir/Drivers/STM32F4xx_HAL_Driver/Src/stm32f4xx_hal_pcd.c.obj
                0x00000000080055f8                HAL_PCD_EP_ClrStall
 .text.PCD_WriteEmptyTxFifo
                0x00000000080056a4      0x11a CMakeFiles/RM_Frame_C.elf.dir/Drivers/STM32F4xx_HAL_Driver/Src/stm32f4xx_hal_pcd.c.obj
 *fill*         0x00000000080057be        0x2 
 .text.PCD_EP_OutXfrComplete_int
                0x00000000080057c0      0x210 CMakeFiles/RM_Frame_C.elf.dir/Drivers/STM32F4xx_HAL_Driver/Src/stm32f4xx_hal_pcd.c.obj
 .text.PCD_EP_OutSetupPacket_int
                0x00000000080059d0       0xc0 CMakeFiles/RM_Frame_C.elf.dir/Drivers/STM32F4xx_HAL_Driver/Src/stm32f4xx_hal_pcd.c.obj
 .text.HAL_PCDEx_SetTxFiFo
                0x0000000008005a90       0x8c CMakeFiles/RM_Frame_C.elf.dir/Drivers/STM32F4xx_HAL_Driver/Src/stm32f4xx_hal_pcd_ex.c.obj
                0x0000000008005a90                HAL_PCDEx_SetTxFiFo
 .text.HAL_PCDEx_SetRxFiFo
                0x0000000008005b1c       0x20 CMakeFiles/RM_Frame_C.elf.dir/Drivers/STM32F4xx_HAL_Driver/Src/stm32f4xx_hal_pcd_ex.c.obj
                0x0000000008005b1c                HAL_PCDEx_SetRxFiFo
 .text.HAL_PCDEx_LPM_Callback
                0x0000000008005b3c       0x16 CMakeFiles/RM_Frame_C.elf.dir/Drivers/STM32F4xx_HAL_Driver/Src/stm32f4xx_hal_pcd_ex.c.obj
                0x0000000008005b3c                HAL_PCDEx_LPM_Callback
 *fill*         0x0000000008005b52        0x2 
 .text.HAL_RCC_OscConfig
                0x0000000008005b54      0x4dc CMakeFiles/RM_Frame_C.elf.dir/Drivers/STM32F4xx_HAL_Driver/Src/stm32f4xx_hal_rcc.c.obj
                0x0000000008005b54                HAL_RCC_OscConfig
 .text.HAL_RCC_ClockConfig
                0x0000000008006030      0x1cc CMakeFiles/RM_Frame_C.elf.dir/Drivers/STM32F4xx_HAL_Driver/Src/stm32f4xx_hal_rcc.c.obj
                0x0000000008006030                HAL_RCC_ClockConfig
 .text.HAL_RCC_GetSysClockFreq
                0x00000000080061fc      0x18c CMakeFiles/RM_Frame_C.elf.dir/Drivers/STM32F4xx_HAL_Driver/Src/stm32f4xx_hal_rcc.c.obj
                0x00000000080061fc                HAL_RCC_GetSysClockFreq
 .text.HAL_RCC_GetHCLKFreq
                0x0000000008006388       0x14 CMakeFiles/RM_Frame_C.elf.dir/Drivers/STM32F4xx_HAL_Driver/Src/stm32f4xx_hal_rcc.c.obj
                0x0000000008006388                HAL_RCC_GetHCLKFreq
 .text.HAL_RCC_GetPCLK1Freq
                0x000000000800639c       0x28 CMakeFiles/RM_Frame_C.elf.dir/Drivers/STM32F4xx_HAL_Driver/Src/stm32f4xx_hal_rcc.c.obj
                0x000000000800639c                HAL_RCC_GetPCLK1Freq
 .text.HAL_RCC_GetPCLK2Freq
                0x00000000080063c4       0x28 CMakeFiles/RM_Frame_C.elf.dir/Drivers/STM32F4xx_HAL_Driver/Src/stm32f4xx_hal_rcc.c.obj
                0x00000000080063c4                HAL_RCC_GetPCLK2Freq
 .text.HAL_SPI_Init
                0x00000000080063ec       0xc8 CMakeFiles/RM_Frame_C.elf.dir/Drivers/STM32F4xx_HAL_Driver/Src/stm32f4xx_hal_spi.c.obj
                0x00000000080063ec                HAL_SPI_Init
 .text.HAL_TIM_Base_Init
                0x00000000080064b4       0x56 CMakeFiles/RM_Frame_C.elf.dir/Drivers/STM32F4xx_HAL_Driver/Src/stm32f4xx_hal_tim.c.obj
                0x00000000080064b4                HAL_TIM_Base_Init
 .text.HAL_TIM_Base_Start_IT
                0x000000000800650a       0x46 CMakeFiles/RM_Frame_C.elf.dir/Drivers/STM32F4xx_HAL_Driver/Src/stm32f4xx_hal_tim.c.obj
                0x000000000800650a                HAL_TIM_Base_Start_IT
 .text.HAL_TIM_PWM_Init
                0x0000000008006550       0x56 CMakeFiles/RM_Frame_C.elf.dir/Drivers/STM32F4xx_HAL_Driver/Src/stm32f4xx_hal_tim.c.obj
                0x0000000008006550                HAL_TIM_PWM_Init
 .text.HAL_TIM_PWM_MspInit
                0x00000000080065a6       0x12 CMakeFiles/RM_Frame_C.elf.dir/Drivers/STM32F4xx_HAL_Driver/Src/stm32f4xx_hal_tim.c.obj
                0x00000000080065a6                HAL_TIM_PWM_MspInit
 .text.HAL_TIM_PWM_Start
                0x00000000080065b8       0x7c CMakeFiles/RM_Frame_C.elf.dir/Drivers/STM32F4xx_HAL_Driver/Src/stm32f4xx_hal_tim.c.obj
                0x00000000080065b8                HAL_TIM_PWM_Start
 .text.HAL_TIM_IRQHandler
                0x0000000008006634      0x210 CMakeFiles/RM_Frame_C.elf.dir/Drivers/STM32F4xx_HAL_Driver/Src/stm32f4xx_hal_tim.c.obj
                0x0000000008006634                HAL_TIM_IRQHandler
 .text.HAL_TIM_PWM_ConfigChannel
                0x0000000008006844      0x18c CMakeFiles/RM_Frame_C.elf.dir/Drivers/STM32F4xx_HAL_Driver/Src/stm32f4xx_hal_tim.c.obj
                0x0000000008006844                HAL_TIM_PWM_ConfigChannel
 .text.HAL_TIM_ConfigClockSource
                0x00000000080069d0      0x188 CMakeFiles/RM_Frame_C.elf.dir/Drivers/STM32F4xx_HAL_Driver/Src/stm32f4xx_hal_tim.c.obj
                0x00000000080069d0                HAL_TIM_ConfigClockSource
 .text.HAL_TIM_OC_DelayElapsedCallback
                0x0000000008006b58       0x12 CMakeFiles/RM_Frame_C.elf.dir/Drivers/STM32F4xx_HAL_Driver/Src/stm32f4xx_hal_tim.c.obj
                0x0000000008006b58                HAL_TIM_OC_DelayElapsedCallback
 .text.HAL_TIM_IC_CaptureCallback
                0x0000000008006b6a       0x12 CMakeFiles/RM_Frame_C.elf.dir/Drivers/STM32F4xx_HAL_Driver/Src/stm32f4xx_hal_tim.c.obj
                0x0000000008006b6a                HAL_TIM_IC_CaptureCallback
 .text.HAL_TIM_PWM_PulseFinishedCallback
                0x0000000008006b7c       0x12 CMakeFiles/RM_Frame_C.elf.dir/Drivers/STM32F4xx_HAL_Driver/Src/stm32f4xx_hal_tim.c.obj
                0x0000000008006b7c                HAL_TIM_PWM_PulseFinishedCallback
 .text.HAL_TIM_TriggerCallback
                0x0000000008006b8e       0x12 CMakeFiles/RM_Frame_C.elf.dir/Drivers/STM32F4xx_HAL_Driver/Src/stm32f4xx_hal_tim.c.obj
                0x0000000008006b8e                HAL_TIM_TriggerCallback
 .text.TIM_Base_SetConfig
                0x0000000008006ba0      0x13c CMakeFiles/RM_Frame_C.elf.dir/Drivers/STM32F4xx_HAL_Driver/Src/stm32f4xx_hal_tim.c.obj
                0x0000000008006ba0                TIM_Base_SetConfig
 .text.TIM_OC1_SetConfig
                0x0000000008006cdc       0xe0 CMakeFiles/RM_Frame_C.elf.dir/Drivers/STM32F4xx_HAL_Driver/Src/stm32f4xx_hal_tim.c.obj
 .text.TIM_OC2_SetConfig
                0x0000000008006dbc       0xe8 CMakeFiles/RM_Frame_C.elf.dir/Drivers/STM32F4xx_HAL_Driver/Src/stm32f4xx_hal_tim.c.obj
                0x0000000008006dbc                TIM_OC2_SetConfig
 .text.TIM_OC3_SetConfig
                0x0000000008006ea4       0xe8 CMakeFiles/RM_Frame_C.elf.dir/Drivers/STM32F4xx_HAL_Driver/Src/stm32f4xx_hal_tim.c.obj
 .text.TIM_OC4_SetConfig
                0x0000000008006f8c       0xa8 CMakeFiles/RM_Frame_C.elf.dir/Drivers/STM32F4xx_HAL_Driver/Src/stm32f4xx_hal_tim.c.obj
 .text.TIM_TI1_ConfigInputStage
                0x0000000008007034       0x5c CMakeFiles/RM_Frame_C.elf.dir/Drivers/STM32F4xx_HAL_Driver/Src/stm32f4xx_hal_tim.c.obj
 .text.TIM_TI2_ConfigInputStage
                0x0000000008007090       0x5e CMakeFiles/RM_Frame_C.elf.dir/Drivers/STM32F4xx_HAL_Driver/Src/stm32f4xx_hal_tim.c.obj
 .text.TIM_ITRx_SetConfig
                0x00000000080070ee       0x34 CMakeFiles/RM_Frame_C.elf.dir/Drivers/STM32F4xx_HAL_Driver/Src/stm32f4xx_hal_tim.c.obj
 .text.TIM_ETR_SetConfig
                0x0000000008007122       0x3e CMakeFiles/RM_Frame_C.elf.dir/Drivers/STM32F4xx_HAL_Driver/Src/stm32f4xx_hal_tim.c.obj
                0x0000000008007122                TIM_ETR_SetConfig
 .text.TIM_CCxChannelCmd
                0x0000000008007160       0x48 CMakeFiles/RM_Frame_C.elf.dir/Drivers/STM32F4xx_HAL_Driver/Src/stm32f4xx_hal_tim.c.obj
                0x0000000008007160                TIM_CCxChannelCmd
 .text.HAL_TIMEx_MasterConfigSynchronization
                0x00000000080071a8       0xf4 CMakeFiles/RM_Frame_C.elf.dir/Drivers/STM32F4xx_HAL_Driver/Src/stm32f4xx_hal_tim_ex.c.obj
                0x00000000080071a8                HAL_TIMEx_MasterConfigSynchronization
 .text.HAL_TIMEx_ConfigBreakDeadTime
                0x000000000800729c       0xa2 CMakeFiles/RM_Frame_C.elf.dir/Drivers/STM32F4xx_HAL_Driver/Src/stm32f4xx_hal_tim_ex.c.obj
                0x000000000800729c                HAL_TIMEx_ConfigBreakDeadTime
 .text.HAL_TIMEx_CommutCallback
                0x000000000800733e       0x12 CMakeFiles/RM_Frame_C.elf.dir/Drivers/STM32F4xx_HAL_Driver/Src/stm32f4xx_hal_tim_ex.c.obj
                0x000000000800733e                HAL_TIMEx_CommutCallback
 .text.HAL_TIMEx_BreakCallback
                0x0000000008007350       0x12 CMakeFiles/RM_Frame_C.elf.dir/Drivers/STM32F4xx_HAL_Driver/Src/stm32f4xx_hal_tim_ex.c.obj
                0x0000000008007350                HAL_TIMEx_BreakCallback
 .text.HAL_UART_Init
                0x0000000008007362       0x9a CMakeFiles/RM_Frame_C.elf.dir/Drivers/STM32F4xx_HAL_Driver/Src/stm32f4xx_hal_uart.c.obj
                0x0000000008007362                HAL_UART_Init
 .text.HAL_UART_IRQHandler
                0x00000000080073fc      0x200 CMakeFiles/RM_Frame_C.elf.dir/Drivers/STM32F4xx_HAL_Driver/Src/stm32f4xx_hal_uart.c.obj
                0x00000000080073fc                HAL_UART_IRQHandler
 .text.HAL_UART_TxCpltCallback
                0x00000000080075fc       0x12 CMakeFiles/RM_Frame_C.elf.dir/Drivers/STM32F4xx_HAL_Driver/Src/stm32f4xx_hal_uart.c.obj
                0x00000000080075fc                HAL_UART_TxCpltCallback
 .text.HAL_UART_RxCpltCallback
                0x000000000800760e       0x12 CMakeFiles/RM_Frame_C.elf.dir/Drivers/STM32F4xx_HAL_Driver/Src/stm32f4xx_hal_uart.c.obj
                0x000000000800760e                HAL_UART_RxCpltCallback
 .text.HAL_UART_ErrorCallback
                0x0000000008007620       0x12 CMakeFiles/RM_Frame_C.elf.dir/Drivers/STM32F4xx_HAL_Driver/Src/stm32f4xx_hal_uart.c.obj
                0x0000000008007620                HAL_UART_ErrorCallback
 .text.UART_EndRxTransfer
                0x0000000008007632       0x3a CMakeFiles/RM_Frame_C.elf.dir/Drivers/STM32F4xx_HAL_Driver/Src/stm32f4xx_hal_uart.c.obj
 .text.UART_DMAAbortOnError
                0x000000000800766c       0x28 CMakeFiles/RM_Frame_C.elf.dir/Drivers/STM32F4xx_HAL_Driver/Src/stm32f4xx_hal_uart.c.obj
 .text.UART_Transmit_IT
                0x0000000008007694       0xaa CMakeFiles/RM_Frame_C.elf.dir/Drivers/STM32F4xx_HAL_Driver/Src/stm32f4xx_hal_uart.c.obj
 .text.UART_EndTransmit_IT
                0x000000000800773e       0x30 CMakeFiles/RM_Frame_C.elf.dir/Drivers/STM32F4xx_HAL_Driver/Src/stm32f4xx_hal_uart.c.obj
 .text.UART_Receive_IT
                0x000000000800776e      0x102 CMakeFiles/RM_Frame_C.elf.dir/Drivers/STM32F4xx_HAL_Driver/Src/stm32f4xx_hal_uart.c.obj
 .text.UART_SetConfig
                0x0000000008007870      0x9b4 CMakeFiles/RM_Frame_C.elf.dir/Drivers/STM32F4xx_HAL_Driver/Src/stm32f4xx_hal_uart.c.obj
 .text.USB_CoreInit
                0x0000000008008224       0xc2 CMakeFiles/RM_Frame_C.elf.dir/Drivers/STM32F4xx_HAL_Driver/Src/stm32f4xx_ll_usb.c.obj
                0x0000000008008224                USB_CoreInit
 *fill*         0x00000000080082e6        0x2 
 .text.USB_SetTurnaroundTime
                0x00000000080082e8      0x144 CMakeFiles/RM_Frame_C.elf.dir/Drivers/STM32F4xx_HAL_Driver/Src/stm32f4xx_ll_usb.c.obj
                0x00000000080082e8                USB_SetTurnaroundTime
 .text.USB_EnableGlobalInt
                0x000000000800842c       0x20 CMakeFiles/RM_Frame_C.elf.dir/Drivers/STM32F4xx_HAL_Driver/Src/stm32f4xx_ll_usb.c.obj
                0x000000000800842c                USB_EnableGlobalInt
 .text.USB_DisableGlobalInt
                0x000000000800844c       0x20 CMakeFiles/RM_Frame_C.elf.dir/Drivers/STM32F4xx_HAL_Driver/Src/stm32f4xx_ll_usb.c.obj
                0x000000000800844c                USB_DisableGlobalInt
 .text.USB_SetCurrentMode
                0x000000000800846c       0x54 CMakeFiles/RM_Frame_C.elf.dir/Drivers/STM32F4xx_HAL_Driver/Src/stm32f4xx_ll_usb.c.obj
                0x000000000800846c                USB_SetCurrentMode
 .text.USB_DevInit
                0x00000000080084c0      0x2e4 CMakeFiles/RM_Frame_C.elf.dir/Drivers/STM32F4xx_HAL_Driver/Src/stm32f4xx_ll_usb.c.obj
                0x00000000080084c0                USB_DevInit
 .text.USB_FlushTxFifo
                0x00000000080087a4       0x48 CMakeFiles/RM_Frame_C.elf.dir/Drivers/STM32F4xx_HAL_Driver/Src/stm32f4xx_ll_usb.c.obj
                0x00000000080087a4                USB_FlushTxFifo
 .text.USB_FlushRxFifo
                0x00000000080087ec       0x40 CMakeFiles/RM_Frame_C.elf.dir/Drivers/STM32F4xx_HAL_Driver/Src/stm32f4xx_ll_usb.c.obj
                0x00000000080087ec                USB_FlushRxFifo
 .text.USB_SetDevSpeed
                0x000000000800882c       0x30 CMakeFiles/RM_Frame_C.elf.dir/Drivers/STM32F4xx_HAL_Driver/Src/stm32f4xx_ll_usb.c.obj
                0x000000000800882c                USB_SetDevSpeed
 .text.USB_GetDevSpeed
                0x000000000800885c       0x48 CMakeFiles/RM_Frame_C.elf.dir/Drivers/STM32F4xx_HAL_Driver/Src/stm32f4xx_ll_usb.c.obj
                0x000000000800885c                USB_GetDevSpeed
 .text.USB_ActivateEndpoint
                0x00000000080088a4      0x10c CMakeFiles/RM_Frame_C.elf.dir/Drivers/STM32F4xx_HAL_Driver/Src/stm32f4xx_ll_usb.c.obj
                0x00000000080088a4                USB_ActivateEndpoint
 .text.USB_DeactivateEndpoint
                0x00000000080089b0      0x108 CMakeFiles/RM_Frame_C.elf.dir/Drivers/STM32F4xx_HAL_Driver/Src/stm32f4xx_ll_usb.c.obj
                0x00000000080089b0                USB_DeactivateEndpoint
 .text.USB_EPStartXfer
                0x0000000008008ab8      0x488 CMakeFiles/RM_Frame_C.elf.dir/Drivers/STM32F4xx_HAL_Driver/Src/stm32f4xx_ll_usb.c.obj
                0x0000000008008ab8                USB_EPStartXfer
 .text.USB_EP0StartXfer
                0x0000000008008f40      0x2a4 CMakeFiles/RM_Frame_C.elf.dir/Drivers/STM32F4xx_HAL_Driver/Src/stm32f4xx_ll_usb.c.obj
                0x0000000008008f40                USB_EP0StartXfer
 .text.USB_WritePacket
                0x00000000080091e4       0x68 CMakeFiles/RM_Frame_C.elf.dir/Drivers/STM32F4xx_HAL_Driver/Src/stm32f4xx_ll_usb.c.obj
                0x00000000080091e4                USB_WritePacket
 .text.USB_ReadPacket
                0x000000000800924c       0x50 CMakeFiles/RM_Frame_C.elf.dir/Drivers/STM32F4xx_HAL_Driver/Src/stm32f4xx_ll_usb.c.obj
                0x000000000800924c                USB_ReadPacket
 .text.USB_EPSetStall
                0x000000000800929c       0xda CMakeFiles/RM_Frame_C.elf.dir/Drivers/STM32F4xx_HAL_Driver/Src/stm32f4xx_ll_usb.c.obj
                0x000000000800929c                USB_EPSetStall
 .text.USB_EPClearStall
                0x0000000008009376       0xca CMakeFiles/RM_Frame_C.elf.dir/Drivers/STM32F4xx_HAL_Driver/Src/stm32f4xx_ll_usb.c.obj
                0x0000000008009376                USB_EPClearStall
 .text.USB_SetDevAddress
                0x0000000008009440       0x4a CMakeFiles/RM_Frame_C.elf.dir/Drivers/STM32F4xx_HAL_Driver/Src/stm32f4xx_ll_usb.c.obj
                0x0000000008009440                USB_SetDevAddress
 .text.USB_DevConnect
                0x000000000800948a       0x30 CMakeFiles/RM_Frame_C.elf.dir/Drivers/STM32F4xx_HAL_Driver/Src/stm32f4xx_ll_usb.c.obj
                0x000000000800948a                USB_DevConnect
 .text.USB_DevDisconnect
                0x00000000080094ba       0x30 CMakeFiles/RM_Frame_C.elf.dir/Drivers/STM32F4xx_HAL_Driver/Src/stm32f4xx_ll_usb.c.obj
                0x00000000080094ba                USB_DevDisconnect
 .text.USB_ReadInterrupts
                0x00000000080094ea       0x24 CMakeFiles/RM_Frame_C.elf.dir/Drivers/STM32F4xx_HAL_Driver/Src/stm32f4xx_ll_usb.c.obj
                0x00000000080094ea                USB_ReadInterrupts
 .text.USB_ReadDevAllOutEpInterrupt
                0x000000000800950e       0x32 CMakeFiles/RM_Frame_C.elf.dir/Drivers/STM32F4xx_HAL_Driver/Src/stm32f4xx_ll_usb.c.obj
                0x000000000800950e                USB_ReadDevAllOutEpInterrupt
 .text.USB_ReadDevAllInEpInterrupt
                0x0000000008009540       0x32 CMakeFiles/RM_Frame_C.elf.dir/Drivers/STM32F4xx_HAL_Driver/Src/stm32f4xx_ll_usb.c.obj
                0x0000000008009540                USB_ReadDevAllInEpInterrupt
 .text.USB_ReadDevOutEPInterrupt
                0x0000000008009572       0x3a CMakeFiles/RM_Frame_C.elf.dir/Drivers/STM32F4xx_HAL_Driver/Src/stm32f4xx_ll_usb.c.obj
                0x0000000008009572                USB_ReadDevOutEPInterrupt
 .text.USB_ReadDevInEPInterrupt
                0x00000000080095ac       0x5a CMakeFiles/RM_Frame_C.elf.dir/Drivers/STM32F4xx_HAL_Driver/Src/stm32f4xx_ll_usb.c.obj
                0x00000000080095ac                USB_ReadDevInEPInterrupt
 .text.USB_GetMode
                0x0000000008009606       0x1a CMakeFiles/RM_Frame_C.elf.dir/Drivers/STM32F4xx_HAL_Driver/Src/stm32f4xx_ll_usb.c.obj
                0x0000000008009606                USB_GetMode
 .text.USB_ActivateSetup
                0x0000000008009620       0x68 CMakeFiles/RM_Frame_C.elf.dir/Drivers/STM32F4xx_HAL_Driver/Src/stm32f4xx_ll_usb.c.obj
                0x0000000008009620                USB_ActivateSetup
 .text.USB_EP0_OutStart
                0x0000000008009688       0xb8 CMakeFiles/RM_Frame_C.elf.dir/Drivers/STM32F4xx_HAL_Driver/Src/stm32f4xx_ll_usb.c.obj
                0x0000000008009688                USB_EP0_OutStart
 .text.USB_CoreReset
                0x0000000008009740       0x64 CMakeFiles/RM_Frame_C.elf.dir/Drivers/STM32F4xx_HAL_Driver/Src/stm32f4xx_ll_usb.c.obj
 .text.USBD_CDC_Init
                0x00000000080097a4       0xf6 CMakeFiles/RM_Frame_C.elf.dir/Middlewares/ST/STM32_USB_Device_Library/Class/CDC/Src/usbd_cdc.c.obj
 .text.USBD_CDC_DeInit
                0x000000000800989a       0x6e CMakeFiles/RM_Frame_C.elf.dir/Middlewares/ST/STM32_USB_Device_Library/Class/CDC/Src/usbd_cdc.c.obj
 .text.USBD_CDC_Setup
                0x0000000008009908      0x146 CMakeFiles/RM_Frame_C.elf.dir/Middlewares/ST/STM32_USB_Device_Library/Class/CDC/Src/usbd_cdc.c.obj
 .text.USBD_CDC_DataIn
                0x0000000008009a4e       0xa6 CMakeFiles/RM_Frame_C.elf.dir/Middlewares/ST/STM32_USB_Device_Library/Class/CDC/Src/usbd_cdc.c.obj
 .text.USBD_CDC_DataOut
                0x0000000008009af4       0x56 CMakeFiles/RM_Frame_C.elf.dir/Middlewares/ST/STM32_USB_Device_Library/Class/CDC/Src/usbd_cdc.c.obj
 .text.USBD_CDC_EP0_RxReady
                0x0000000008009b4a       0x50 CMakeFiles/RM_Frame_C.elf.dir/Middlewares/ST/STM32_USB_Device_Library/Class/CDC/Src/usbd_cdc.c.obj
 *fill*         0x0000000008009b9a        0x2 
 .text.USBD_CDC_GetFSCfgDesc
                0x0000000008009b9c       0x20 CMakeFiles/RM_Frame_C.elf.dir/Middlewares/ST/STM32_USB_Device_Library/Class/CDC/Src/usbd_cdc.c.obj
 .text.USBD_CDC_GetHSCfgDesc
                0x0000000008009bbc       0x20 CMakeFiles/RM_Frame_C.elf.dir/Middlewares/ST/STM32_USB_Device_Library/Class/CDC/Src/usbd_cdc.c.obj
 .text.USBD_CDC_GetOtherSpeedCfgDesc
                0x0000000008009bdc       0x20 CMakeFiles/RM_Frame_C.elf.dir/Middlewares/ST/STM32_USB_Device_Library/Class/CDC/Src/usbd_cdc.c.obj
 .text.USBD_CDC_GetDeviceQualifierDescriptor
                0x0000000008009bfc       0x20 CMakeFiles/RM_Frame_C.elf.dir/Middlewares/ST/STM32_USB_Device_Library/Class/CDC/Src/usbd_cdc.c.obj
                0x0000000008009bfc                USBD_CDC_GetDeviceQualifierDescriptor
 .text.USBD_CDC_RegisterInterface
                0x0000000008009c1c       0x2c CMakeFiles/RM_Frame_C.elf.dir/Middlewares/ST/STM32_USB_Device_Library/Class/CDC/Src/usbd_cdc.c.obj
                0x0000000008009c1c                USBD_CDC_RegisterInterface
 .text.USBD_CDC_SetTxBuffer
                0x0000000008009c48       0x32 CMakeFiles/RM_Frame_C.elf.dir/Middlewares/ST/STM32_USB_Device_Library/Class/CDC/Src/usbd_cdc.c.obj
                0x0000000008009c48                USBD_CDC_SetTxBuffer
 .text.USBD_CDC_SetRxBuffer
                0x0000000008009c7a       0x26 CMakeFiles/RM_Frame_C.elf.dir/Middlewares/ST/STM32_USB_Device_Library/Class/CDC/Src/usbd_cdc.c.obj
                0x0000000008009c7a                USBD_CDC_SetRxBuffer
 .text.USBD_CDC_ReceivePacket
                0x0000000008009ca0       0x54 CMakeFiles/RM_Frame_C.elf.dir/Middlewares/ST/STM32_USB_Device_Library/Class/CDC/Src/usbd_cdc.c.obj
                0x0000000008009ca0                USBD_CDC_ReceivePacket
 .text.USBD_Init
                0x0000000008009cf4       0x56 CMakeFiles/RM_Frame_C.elf.dir/Middlewares/ST/STM32_USB_Device_Library/Core/Src/usbd_core.c.obj
                0x0000000008009cf4                USBD_Init
 .text.USBD_RegisterClass
                0x0000000008009d4a       0x32 CMakeFiles/RM_Frame_C.elf.dir/Middlewares/ST/STM32_USB_Device_Library/Core/Src/usbd_core.c.obj
                0x0000000008009d4a                USBD_RegisterClass
 .text.USBD_Start
                0x0000000008009d7c       0x18 CMakeFiles/RM_Frame_C.elf.dir/Middlewares/ST/STM32_USB_Device_Library/Core/Src/usbd_core.c.obj
                0x0000000008009d7c                USBD_Start
 .text.USBD_RunTestMode
                0x0000000008009d94       0x14 CMakeFiles/RM_Frame_C.elf.dir/Middlewares/ST/STM32_USB_Device_Library/Core/Src/usbd_core.c.obj
                0x0000000008009d94                USBD_RunTestMode
 .text.USBD_SetClassConfig
                0x0000000008009da8       0x3e CMakeFiles/RM_Frame_C.elf.dir/Middlewares/ST/STM32_USB_Device_Library/Core/Src/usbd_core.c.obj
                0x0000000008009da8                USBD_SetClassConfig
 .text.USBD_ClrClassConfig
                0x0000000008009de6       0x26 CMakeFiles/RM_Frame_C.elf.dir/Middlewares/ST/STM32_USB_Device_Library/Core/Src/usbd_core.c.obj
                0x0000000008009de6                USBD_ClrClassConfig
 .text.USBD_LL_SetupStage
                0x0000000008009e0c       0x9a CMakeFiles/RM_Frame_C.elf.dir/Middlewares/ST/STM32_USB_Device_Library/Core/Src/usbd_core.c.obj
                0x0000000008009e0c                USBD_LL_SetupStage
 .text.USBD_LL_DataOutStage
                0x0000000008009ea6       0xe2 CMakeFiles/RM_Frame_C.elf.dir/Middlewares/ST/STM32_USB_Device_Library/Core/Src/usbd_core.c.obj
                0x0000000008009ea6                USBD_LL_DataOutStage
 .text.USBD_LL_DataInStage
                0x0000000008009f88      0x14a CMakeFiles/RM_Frame_C.elf.dir/Middlewares/ST/STM32_USB_Device_Library/Core/Src/usbd_core.c.obj
                0x0000000008009f88                USBD_LL_DataInStage
 .text.USBD_LL_Reset
                0x000000000800a0d2       0x82 CMakeFiles/RM_Frame_C.elf.dir/Middlewares/ST/STM32_USB_Device_Library/Core/Src/usbd_core.c.obj
                0x000000000800a0d2                USBD_LL_Reset
 .text.USBD_LL_SetSpeed
                0x000000000800a154       0x1e CMakeFiles/RM_Frame_C.elf.dir/Middlewares/ST/STM32_USB_Device_Library/Core/Src/usbd_core.c.obj
                0x000000000800a154                USBD_LL_SetSpeed
 .text.USBD_LL_Suspend
                0x000000000800a172       0x28 CMakeFiles/RM_Frame_C.elf.dir/Middlewares/ST/STM32_USB_Device_Library/Core/Src/usbd_core.c.obj
                0x000000000800a172                USBD_LL_Suspend
 .text.USBD_LL_Resume
                0x000000000800a19a       0x20 CMakeFiles/RM_Frame_C.elf.dir/Middlewares/ST/STM32_USB_Device_Library/Core/Src/usbd_core.c.obj
                0x000000000800a19a                USBD_LL_Resume
 .text.USBD_LL_SOF
                0x000000000800a1ba       0x34 CMakeFiles/RM_Frame_C.elf.dir/Middlewares/ST/STM32_USB_Device_Library/Core/Src/usbd_core.c.obj
                0x000000000800a1ba                USBD_LL_SOF
 .text.USBD_LL_IsoINIncomplete
                0x000000000800a1ee       0x18 CMakeFiles/RM_Frame_C.elf.dir/Middlewares/ST/STM32_USB_Device_Library/Core/Src/usbd_core.c.obj
                0x000000000800a1ee                USBD_LL_IsoINIncomplete
 .text.USBD_LL_IsoOUTIncomplete
                0x000000000800a206       0x18 CMakeFiles/RM_Frame_C.elf.dir/Middlewares/ST/STM32_USB_Device_Library/Core/Src/usbd_core.c.obj
                0x000000000800a206                USBD_LL_IsoOUTIncomplete
 .text.USBD_LL_DevConnected
                0x000000000800a21e       0x14 CMakeFiles/RM_Frame_C.elf.dir/Middlewares/ST/STM32_USB_Device_Library/Core/Src/usbd_core.c.obj
                0x000000000800a21e                USBD_LL_DevConnected
 .text.USBD_LL_DevDisconnected
                0x000000000800a232       0x2e CMakeFiles/RM_Frame_C.elf.dir/Middlewares/ST/STM32_USB_Device_Library/Core/Src/usbd_core.c.obj
                0x000000000800a232                USBD_LL_DevDisconnected
 .text.USBD_StdDevReq
                0x000000000800a260       0xd4 CMakeFiles/RM_Frame_C.elf.dir/Middlewares/ST/STM32_USB_Device_Library/Core/Src/usbd_ctlreq.c.obj
                0x000000000800a260                USBD_StdDevReq
 .text.USBD_StdItfReq
                0x000000000800a334       0x90 CMakeFiles/RM_Frame_C.elf.dir/Middlewares/ST/STM32_USB_Device_Library/Core/Src/usbd_ctlreq.c.obj
                0x000000000800a334                USBD_StdItfReq
 .text.USBD_StdEPReq
                0x000000000800a3c4      0x2c2 CMakeFiles/RM_Frame_C.elf.dir/Middlewares/ST/STM32_USB_Device_Library/Core/Src/usbd_ctlreq.c.obj
                0x000000000800a3c4                USBD_StdEPReq
 *fill*         0x000000000800a686        0x2 
 .text.USBD_GetDescriptor
                0x000000000800a688      0x1f4 CMakeFiles/RM_Frame_C.elf.dir/Middlewares/ST/STM32_USB_Device_Library/Core/Src/usbd_ctlreq.c.obj
 .text.USBD_SetAddress
                0x000000000800a87c       0x86 CMakeFiles/RM_Frame_C.elf.dir/Middlewares/ST/STM32_USB_Device_Library/Core/Src/usbd_ctlreq.c.obj
 *fill*         0x000000000800a902        0x2 
 .text.USBD_SetConfig
                0x000000000800a904      0x11c CMakeFiles/RM_Frame_C.elf.dir/Middlewares/ST/STM32_USB_Device_Library/Core/Src/usbd_ctlreq.c.obj
 .text.USBD_GetConfig
                0x000000000800aa20       0x6a CMakeFiles/RM_Frame_C.elf.dir/Middlewares/ST/STM32_USB_Device_Library/Core/Src/usbd_ctlreq.c.obj
 .text.USBD_GetStatus
                0x000000000800aa8a       0x66 CMakeFiles/RM_Frame_C.elf.dir/Middlewares/ST/STM32_USB_Device_Library/Core/Src/usbd_ctlreq.c.obj
 .text.USBD_SetFeature
                0x000000000800aaf0       0x28 CMakeFiles/RM_Frame_C.elf.dir/Middlewares/ST/STM32_USB_Device_Library/Core/Src/usbd_ctlreq.c.obj
 .text.USBD_ClrFeature
                0x000000000800ab18       0x42 CMakeFiles/RM_Frame_C.elf.dir/Middlewares/ST/STM32_USB_Device_Library/Core/Src/usbd_ctlreq.c.obj
 .text.USBD_ParseSetupRequest
                0x000000000800ab5a       0x78 CMakeFiles/RM_Frame_C.elf.dir/Middlewares/ST/STM32_USB_Device_Library/Core/Src/usbd_ctlreq.c.obj
                0x000000000800ab5a                USBD_ParseSetupRequest
 .text.USBD_CtlError
                0x000000000800abd2       0x22 CMakeFiles/RM_Frame_C.elf.dir/Middlewares/ST/STM32_USB_Device_Library/Core/Src/usbd_ctlreq.c.obj
                0x000000000800abd2                USBD_CtlError
 .text.USBD_GetString
                0x000000000800abf4       0x84 CMakeFiles/RM_Frame_C.elf.dir/Middlewares/ST/STM32_USB_Device_Library/Core/Src/usbd_ctlreq.c.obj
                0x000000000800abf4                USBD_GetString
 .text.USBD_GetLen
                0x000000000800ac78       0x2e CMakeFiles/RM_Frame_C.elf.dir/Middlewares/ST/STM32_USB_Device_Library/Core/Src/usbd_ctlreq.c.obj
 .text.USBD_CtlSendData
                0x000000000800aca6       0x38 CMakeFiles/RM_Frame_C.elf.dir/Middlewares/ST/STM32_USB_Device_Library/Core/Src/usbd_ioreq.c.obj
                0x000000000800aca6                USBD_CtlSendData
 .text.USBD_CtlContinueSendData
                0x000000000800acde       0x24 CMakeFiles/RM_Frame_C.elf.dir/Middlewares/ST/STM32_USB_Device_Library/Core/Src/usbd_ioreq.c.obj
                0x000000000800acde                USBD_CtlContinueSendData
 .text.USBD_CtlPrepareRx
                0x000000000800ad02       0x3c CMakeFiles/RM_Frame_C.elf.dir/Middlewares/ST/STM32_USB_Device_Library/Core/Src/usbd_ioreq.c.obj
                0x000000000800ad02                USBD_CtlPrepareRx
 .text.USBD_CtlContinueRx
                0x000000000800ad3e       0x24 CMakeFiles/RM_Frame_C.elf.dir/Middlewares/ST/STM32_USB_Device_Library/Core/Src/usbd_ioreq.c.obj
                0x000000000800ad3e                USBD_CtlContinueRx
 .text.USBD_CtlSendStatus
                0x000000000800ad62       0x26 CMakeFiles/RM_Frame_C.elf.dir/Middlewares/ST/STM32_USB_Device_Library/Core/Src/usbd_ioreq.c.obj
                0x000000000800ad62                USBD_CtlSendStatus
 .text.USBD_CtlReceiveStatus
                0x000000000800ad88       0x26 CMakeFiles/RM_Frame_C.elf.dir/Middlewares/ST/STM32_USB_Device_Library/Core/Src/usbd_ioreq.c.obj
                0x000000000800ad88                USBD_CtlReceiveStatus
 *fill*         0x000000000800adae        0x2 
 .text.MX_ADC1_Init
                0x000000000800adb0       0xa4 CMakeFiles/RM_Frame_C.elf.dir/Src/adc.c.obj
                0x000000000800adb0                MX_ADC1_Init
 .text.MX_ADC3_Init
                0x000000000800ae54       0xa4 CMakeFiles/RM_Frame_C.elf.dir/Src/adc.c.obj
                0x000000000800ae54                MX_ADC3_Init
 .text.HAL_ADC_MspInit
                0x000000000800aef8       0xb4 CMakeFiles/RM_Frame_C.elf.dir/Src/adc.c.obj
                0x000000000800aef8                HAL_ADC_MspInit
 .text.MX_CAN1_Init
                0x000000000800afac       0x6c CMakeFiles/RM_Frame_C.elf.dir/Src/can.c.obj
                0x000000000800afac                MX_CAN1_Init
 .text.MX_CAN2_Init
                0x000000000800b018       0x6c CMakeFiles/RM_Frame_C.elf.dir/Src/can.c.obj
                0x000000000800b018                MX_CAN2_Init
 .text.HAL_CAN_MspInit
                0x000000000800b084      0x160 CMakeFiles/RM_Frame_C.elf.dir/Src/can.c.obj
                0x000000000800b084                HAL_CAN_MspInit
 .text.MX_DMA_Init
                0x000000000800b1e4       0x7c CMakeFiles/RM_Frame_C.elf.dir/Src/dma.c.obj
                0x000000000800b1e4                MX_DMA_Init
 .text.MX_GPIO_Init
                0x000000000800b260      0x230 CMakeFiles/RM_Frame_C.elf.dir/Src/gpio.c.obj
                0x000000000800b260                MX_GPIO_Init
 .text.MX_I2C3_Init
                0x000000000800b490       0x5c CMakeFiles/RM_Frame_C.elf.dir/Src/i2c.c.obj
                0x000000000800b490                MX_I2C3_Init
 .text.HAL_I2C_MspInit
                0x000000000800b4ec       0xd4 CMakeFiles/RM_Frame_C.elf.dir/Src/i2c.c.obj
                0x000000000800b4ec                HAL_I2C_MspInit
 .text.MX_IWDG_Init
                0x000000000800b5c0       0x34 CMakeFiles/RM_Frame_C.elf.dir/Src/iwdg.c.obj
                0x000000000800b5c0                MX_IWDG_Init
 .text.SystemClock_Config
                0x000000000800b5f4       0xd8 CMakeFiles/RM_Frame_C.elf.dir/Src/main.c.obj
                0x000000000800b5f4                SystemClock_Config
 .text.Error_Handler
                0x000000000800b6cc        0xc CMakeFiles/RM_Frame_C.elf.dir/Src/main.c.obj
                0x000000000800b6cc                Error_Handler
 .text.MX_SPI1_Init
                0x000000000800b6d8       0x6c CMakeFiles/RM_Frame_C.elf.dir/Src/spi.c.obj
                0x000000000800b6d8                MX_SPI1_Init
 .text.MX_SPI2_Init
                0x000000000800b744       0x6c CMakeFiles/RM_Frame_C.elf.dir/Src/spi.c.obj
                0x000000000800b744                MX_SPI2_Init
 .text.HAL_SPI_MspInit
                0x000000000800b7b0      0x178 CMakeFiles/RM_Frame_C.elf.dir/Src/spi.c.obj
                0x000000000800b7b0                HAL_SPI_MspInit
 .text.HAL_MspInit
                0x000000000800b928       0x4c CMakeFiles/RM_Frame_C.elf.dir/Src/stm32f4xx_hal_msp.c.obj
                0x000000000800b928                HAL_MspInit
 .text.NMI_Handler
                0x000000000800b974        0xc CMakeFiles/RM_Frame_C.elf.dir/Src/stm32f4xx_it.c.obj
                0x000000000800b974                NMI_Handler
 .text.HardFault_Handler
                0x000000000800b980        0x6 CMakeFiles/RM_Frame_C.elf.dir/Src/stm32f4xx_it.c.obj
                0x000000000800b980                HardFault_Handler
 .text.MemManage_Handler
                0x000000000800b986        0x6 CMakeFiles/RM_Frame_C.elf.dir/Src/stm32f4xx_it.c.obj
                0x000000000800b986                MemManage_Handler
 .text.BusFault_Handler
                0x000000000800b98c        0x6 CMakeFiles/RM_Frame_C.elf.dir/Src/stm32f4xx_it.c.obj
                0x000000000800b98c                BusFault_Handler
 .text.UsageFault_Handler
                0x000000000800b992        0x6 CMakeFiles/RM_Frame_C.elf.dir/Src/stm32f4xx_it.c.obj
                0x000000000800b992                UsageFault_Handler
 .text.SVC_Handler
                0x000000000800b998        0xc CMakeFiles/RM_Frame_C.elf.dir/Src/stm32f4xx_it.c.obj
                0x000000000800b998                SVC_Handler
 .text.DebugMon_Handler
                0x000000000800b9a4        0xc CMakeFiles/RM_Frame_C.elf.dir/Src/stm32f4xx_it.c.obj
                0x000000000800b9a4                DebugMon_Handler
 .text.PendSV_Handler
                0x000000000800b9b0        0xc CMakeFiles/RM_Frame_C.elf.dir/Src/stm32f4xx_it.c.obj
                0x000000000800b9b0                PendSV_Handler
 .text.SysTick_Handler
                0x000000000800b9bc        0xc CMakeFiles/RM_Frame_C.elf.dir/Src/stm32f4xx_it.c.obj
                0x000000000800b9bc                SysTick_Handler
 .text.EXTI0_IRQHandler
                0x000000000800b9c8        0xe CMakeFiles/RM_Frame_C.elf.dir/Src/stm32f4xx_it.c.obj
                0x000000000800b9c8                EXTI0_IRQHandler
 .text.EXTI3_IRQHandler
                0x000000000800b9d6        0xe CMakeFiles/RM_Frame_C.elf.dir/Src/stm32f4xx_it.c.obj
                0x000000000800b9d6                EXTI3_IRQHandler
 .text.DMA1_Stream1_IRQHandler
                0x000000000800b9e4       0x14 CMakeFiles/RM_Frame_C.elf.dir/Src/stm32f4xx_it.c.obj
                0x000000000800b9e4                DMA1_Stream1_IRQHandler
 .text.CAN1_RX0_IRQHandler
                0x000000000800b9f8       0x14 CMakeFiles/RM_Frame_C.elf.dir/Src/stm32f4xx_it.c.obj
                0x000000000800b9f8                CAN1_RX0_IRQHandler
 .text.TIM1_UP_TIM10_IRQHandler
                0x000000000800ba0c       0x1c CMakeFiles/RM_Frame_C.elf.dir/Src/stm32f4xx_it.c.obj
                0x000000000800ba0c                TIM1_UP_TIM10_IRQHandler
 .text.USART1_IRQHandler
                0x000000000800ba28       0x14 CMakeFiles/RM_Frame_C.elf.dir/Src/stm32f4xx_it.c.obj
                0x000000000800ba28                USART1_IRQHandler
 .text.DMA2_Stream2_IRQHandler
                0x000000000800ba3c       0x14 CMakeFiles/RM_Frame_C.elf.dir/Src/stm32f4xx_it.c.obj
                0x000000000800ba3c                DMA2_Stream2_IRQHandler
 .text.CAN2_RX0_IRQHandler
                0x000000000800ba50       0x14 CMakeFiles/RM_Frame_C.elf.dir/Src/stm32f4xx_it.c.obj
                0x000000000800ba50                CAN2_RX0_IRQHandler
 .text.OTG_FS_IRQHandler
                0x000000000800ba64       0x14 CMakeFiles/RM_Frame_C.elf.dir/Src/stm32f4xx_it.c.obj
                0x000000000800ba64                OTG_FS_IRQHandler
 .text.DMA2_Stream7_IRQHandler
                0x000000000800ba78       0x14 CMakeFiles/RM_Frame_C.elf.dir/Src/stm32f4xx_it.c.obj
                0x000000000800ba78                DMA2_Stream7_IRQHandler
 .text.USART6_IRQHandler
                0x000000000800ba8c       0x14 CMakeFiles/RM_Frame_C.elf.dir/Src/stm32f4xx_it.c.obj
                0x000000000800ba8c                USART6_IRQHandler
 .text.SystemInit
                0x000000000800baa0       0x5c CMakeFiles/RM_Frame_C.elf.dir/Src/system_stm32f4xx.c.obj
                0x000000000800baa0                SystemInit
 .text.MX_TIM1_Init
                0x000000000800bafc      0x194 CMakeFiles/RM_Frame_C.elf.dir/Src/tim.c.obj
                0x000000000800bafc                MX_TIM1_Init
 .text.MX_TIM4_Init
                0x000000000800bc90       0xec CMakeFiles/RM_Frame_C.elf.dir/Src/tim.c.obj
                0x000000000800bc90                MX_TIM4_Init
 .text.MX_TIM5_Init
                0x000000000800bd7c      0x120 CMakeFiles/RM_Frame_C.elf.dir/Src/tim.c.obj
                0x000000000800bd7c                MX_TIM5_Init
 .text.MX_TIM8_Init
                0x000000000800be9c      0x174 CMakeFiles/RM_Frame_C.elf.dir/Src/tim.c.obj
                0x000000000800be9c                MX_TIM8_Init
 .text.MX_TIM10_Init
                0x000000000800c010       0x48 CMakeFiles/RM_Frame_C.elf.dir/Src/tim.c.obj
                0x000000000800c010                MX_TIM10_Init
 .text.HAL_TIM_Base_MspInit
                0x000000000800c058      0x110 CMakeFiles/RM_Frame_C.elf.dir/Src/tim.c.obj
                0x000000000800c058                HAL_TIM_Base_MspInit
 .text.HAL_TIM_MspPostInit
                0x000000000800c168      0x1a8 CMakeFiles/RM_Frame_C.elf.dir/Src/tim.c.obj
                0x000000000800c168                HAL_TIM_MspPostInit
 .text.MX_USART1_UART_Init
                0x000000000800c310       0x54 CMakeFiles/RM_Frame_C.elf.dir/Src/usart.c.obj
                0x000000000800c310                MX_USART1_UART_Init
 .text.MX_USART3_UART_Init
                0x000000000800c364       0x54 CMakeFiles/RM_Frame_C.elf.dir/Src/usart.c.obj
                0x000000000800c364                MX_USART3_UART_Init
 .text.MX_USART6_UART_Init
                0x000000000800c3b8       0x54 CMakeFiles/RM_Frame_C.elf.dir/Src/usart.c.obj
                0x000000000800c3b8                MX_USART6_UART_Init
 .text.HAL_UART_MspInit
                0x000000000800c40c      0x314 CMakeFiles/RM_Frame_C.elf.dir/Src/usart.c.obj
                0x000000000800c40c                HAL_UART_MspInit
 .text.MX_USB_DEVICE_Init
                0x000000000800c720       0x60 CMakeFiles/RM_Frame_C.elf.dir/Src/usb_device.c.obj
                0x000000000800c720                MX_USB_DEVICE_Init
 .text.CDC_Init_FS
                0x000000000800c780       0x28 CMakeFiles/RM_Frame_C.elf.dir/Src/usbd_cdc_if.c.obj
 .text.CDC_DeInit_FS
                0x000000000800c7a8        0xe CMakeFiles/RM_Frame_C.elf.dir/Src/usbd_cdc_if.c.obj
 *fill*         0x000000000800c7b6        0x2 
 .text.CDC_Control_FS
                0x000000000800c7b8       0xbc CMakeFiles/RM_Frame_C.elf.dir/Src/usbd_cdc_if.c.obj
 .text.CDC_Receive_FS
                0x000000000800c874       0x28 CMakeFiles/RM_Frame_C.elf.dir/Src/usbd_cdc_if.c.obj
 .text.HAL_PCD_MspInit
                0x000000000800c89c       0xa8 CMakeFiles/RM_Frame_C.elf.dir/Src/usbd_conf.c.obj
                0x000000000800c89c                HAL_PCD_MspInit
 .text.HAL_PCD_SetupStageCallback
                0x000000000800c944       0x24 CMakeFiles/RM_Frame_C.elf.dir/Src/usbd_conf.c.obj
                0x000000000800c944                HAL_PCD_SetupStageCallback
 .text.HAL_PCD_DataOutStageCallback
                0x000000000800c968       0x36 CMakeFiles/RM_Frame_C.elf.dir/Src/usbd_conf.c.obj
                0x000000000800c968                HAL_PCD_DataOutStageCallback
 .text.HAL_PCD_DataInStageCallback
                0x000000000800c99e       0x34 CMakeFiles/RM_Frame_C.elf.dir/Src/usbd_conf.c.obj
                0x000000000800c99e                HAL_PCD_DataInStageCallback
 .text.HAL_PCD_SOFCallback
                0x000000000800c9d2       0x1c CMakeFiles/RM_Frame_C.elf.dir/Src/usbd_conf.c.obj
                0x000000000800c9d2                HAL_PCD_SOFCallback
 .text.HAL_PCD_ResetCallback
                0x000000000800c9ee       0x50 CMakeFiles/RM_Frame_C.elf.dir/Src/usbd_conf.c.obj
                0x000000000800c9ee                HAL_PCD_ResetCallback
 *fill*         0x000000000800ca3e        0x2 
 .text.HAL_PCD_SuspendCallback
                0x000000000800ca40       0x4c CMakeFiles/RM_Frame_C.elf.dir/Src/usbd_conf.c.obj
                0x000000000800ca40                HAL_PCD_SuspendCallback
 .text.HAL_PCD_ResumeCallback
                0x000000000800ca8c       0x1c CMakeFiles/RM_Frame_C.elf.dir/Src/usbd_conf.c.obj
                0x000000000800ca8c                HAL_PCD_ResumeCallback
 .text.HAL_PCD_ISOOUTIncompleteCallback
                0x000000000800caa8       0x24 CMakeFiles/RM_Frame_C.elf.dir/Src/usbd_conf.c.obj
                0x000000000800caa8                HAL_PCD_ISOOUTIncompleteCallback
 .text.HAL_PCD_ISOINIncompleteCallback
                0x000000000800cacc       0x24 CMakeFiles/RM_Frame_C.elf.dir/Src/usbd_conf.c.obj
                0x000000000800cacc                HAL_PCD_ISOINIncompleteCallback
 .text.HAL_PCD_ConnectCallback
                0x000000000800caf0       0x1c CMakeFiles/RM_Frame_C.elf.dir/Src/usbd_conf.c.obj
                0x000000000800caf0                HAL_PCD_ConnectCallback
 .text.HAL_PCD_DisconnectCallback
                0x000000000800cb0c       0x1c CMakeFiles/RM_Frame_C.elf.dir/Src/usbd_conf.c.obj
                0x000000000800cb0c                HAL_PCD_DisconnectCallback
 .text.USBD_LL_Init
                0x000000000800cb28       0x98 CMakeFiles/RM_Frame_C.elf.dir/Src/usbd_conf.c.obj
                0x000000000800cb28                USBD_LL_Init
 .text.USBD_LL_Start
                0x000000000800cbc0       0x36 CMakeFiles/RM_Frame_C.elf.dir/Src/usbd_conf.c.obj
                0x000000000800cbc0                USBD_LL_Start
 .text.USBD_LL_OpenEP
                0x000000000800cbf6       0x4c CMakeFiles/RM_Frame_C.elf.dir/Src/usbd_conf.c.obj
                0x000000000800cbf6                USBD_LL_OpenEP
 .text.USBD_LL_CloseEP
                0x000000000800cc42       0x3e CMakeFiles/RM_Frame_C.elf.dir/Src/usbd_conf.c.obj
                0x000000000800cc42                USBD_LL_CloseEP
 .text.USBD_LL_StallEP
                0x000000000800cc80       0x3e CMakeFiles/RM_Frame_C.elf.dir/Src/usbd_conf.c.obj
                0x000000000800cc80                USBD_LL_StallEP
 .text.USBD_LL_ClearStallEP
                0x000000000800ccbe       0x3e CMakeFiles/RM_Frame_C.elf.dir/Src/usbd_conf.c.obj
                0x000000000800ccbe                USBD_LL_ClearStallEP
 .text.USBD_LL_IsStallEP
                0x000000000800ccfc       0x56 CMakeFiles/RM_Frame_C.elf.dir/Src/usbd_conf.c.obj
                0x000000000800ccfc                USBD_LL_IsStallEP
 .text.USBD_LL_SetUSBAddress
                0x000000000800cd52       0x3e CMakeFiles/RM_Frame_C.elf.dir/Src/usbd_conf.c.obj
                0x000000000800cd52                USBD_LL_SetUSBAddress
 .text.USBD_LL_Transmit
                0x000000000800cd90       0x46 CMakeFiles/RM_Frame_C.elf.dir/Src/usbd_conf.c.obj
                0x000000000800cd90                USBD_LL_Transmit
 .text.USBD_LL_PrepareReceive
                0x000000000800cdd6       0x46 CMakeFiles/RM_Frame_C.elf.dir/Src/usbd_conf.c.obj
                0x000000000800cdd6                USBD_LL_PrepareReceive
 .text.USBD_LL_GetRxDataSize
                0x000000000800ce1c       0x26 CMakeFiles/RM_Frame_C.elf.dir/Src/usbd_conf.c.obj
                0x000000000800ce1c                USBD_LL_GetRxDataSize
 *fill*         0x000000000800ce42        0x2 
 .text.USBD_Get_USB_Status
                0x000000000800ce44       0x58 CMakeFiles/RM_Frame_C.elf.dir/Src/usbd_conf.c.obj
                0x000000000800ce44                USBD_Get_USB_Status
 .text.USBD_FS_DeviceDescriptor
                0x000000000800ce9c       0x24 CMakeFiles/RM_Frame_C.elf.dir/Src/usbd_desc.c.obj
                0x000000000800ce9c                USBD_FS_DeviceDescriptor
 .text.USBD_FS_LangIDStrDescriptor
                0x000000000800cec0       0x24 CMakeFiles/RM_Frame_C.elf.dir/Src/usbd_desc.c.obj
                0x000000000800cec0                USBD_FS_LangIDStrDescriptor
 .text.USBD_FS_ProductStrDescriptor
                0x000000000800cee4       0x3c CMakeFiles/RM_Frame_C.elf.dir/Src/usbd_desc.c.obj
                0x000000000800cee4                USBD_FS_ProductStrDescriptor
 .text.USBD_FS_ManufacturerStrDescriptor
                0x000000000800cf20       0x28 CMakeFiles/RM_Frame_C.elf.dir/Src/usbd_desc.c.obj
                0x000000000800cf20                USBD_FS_ManufacturerStrDescriptor
 .text.USBD_FS_SerialStrDescriptor
                0x000000000800cf48       0x24 CMakeFiles/RM_Frame_C.elf.dir/Src/usbd_desc.c.obj
                0x000000000800cf48                USBD_FS_SerialStrDescriptor
 .text.USBD_FS_ConfigStrDescriptor
                0x000000000800cf6c       0x3c CMakeFiles/RM_Frame_C.elf.dir/Src/usbd_desc.c.obj
                0x000000000800cf6c                USBD_FS_ConfigStrDescriptor
 .text.USBD_FS_InterfaceStrDescriptor
                0x000000000800cfa8       0x3c CMakeFiles/RM_Frame_C.elf.dir/Src/usbd_desc.c.obj
                0x000000000800cfa8                USBD_FS_InterfaceStrDescriptor
 .text.Get_SerialNum
                0x000000000800cfe4       0x58 CMakeFiles/RM_Frame_C.elf.dir/Src/usbd_desc.c.obj
 .text.IntToUnicode
                0x000000000800d03c       0x7c CMakeFiles/RM_Frame_C.elf.dir/Src/usbd_desc.c.obj
 .text.Reset_Handler
                0x000000000800d0b8       0x50 CMakeFiles/RM_Frame_C.elf.dir/startup/startup_stm32f407xx.s.obj
                0x000000000800d0b8                Reset_Handler
 .text.Default_Handler
                0x000000000800d108        0x2 CMakeFiles/RM_Frame_C.elf.dir/startup/startup_stm32f407xx.s.obj
                0x000000000800d108                RTC_Alarm_IRQHandler
                0x000000000800d108                HASH_RNG_IRQHandler
                0x000000000800d108                EXTI2_IRQHandler
                0x000000000800d108                TIM8_CC_IRQHandler
                0x000000000800d108                TIM1_CC_IRQHandler
                0x000000000800d108                DMA2_Stream5_IRQHandler
                0x000000000800d108                DMA1_Stream5_IRQHandler
                0x000000000800d108                PVD_IRQHandler
                0x000000000800d108                SDIO_IRQHandler
                0x000000000800d108                TAMP_STAMP_IRQHandler
                0x000000000800d108                CAN2_RX1_IRQHandler
                0x000000000800d108                TIM8_TRG_COM_TIM14_IRQHandler
                0x000000000800d108                TIM8_UP_TIM13_IRQHandler
                0x000000000800d108                I2C3_ER_IRQHandler
                0x000000000800d108                I2C2_EV_IRQHandler
                0x000000000800d108                DMA1_Stream2_IRQHandler
                0x000000000800d108                FPU_IRQHandler
                0x000000000800d108                OTG_HS_WKUP_IRQHandler
                0x000000000800d108                CAN2_SCE_IRQHandler
                0x000000000800d108                SPI1_IRQHandler
                0x000000000800d108                TIM6_DAC_IRQHandler
                0x000000000800d108                TIM1_BRK_TIM9_IRQHandler
                0x000000000800d108                DCMI_IRQHandler
                0x000000000800d108                DMA2_Stream3_IRQHandler
                0x000000000800d108                CAN1_RX1_IRQHandler
                0x000000000800d108                UART5_IRQHandler
                0x000000000800d108                DMA2_Stream0_IRQHandler
                0x000000000800d108                TIM4_IRQHandler
                0x000000000800d108                I2C1_EV_IRQHandler
                0x000000000800d108                DMA1_Stream6_IRQHandler
                0x000000000800d108                UART4_IRQHandler
                0x000000000800d108                TIM3_IRQHandler
                0x000000000800d108                RCC_IRQHandler
                0x000000000800d108                TIM8_BRK_TIM12_IRQHandler
                0x000000000800d108                Default_Handler
                0x000000000800d108                EXTI15_10_IRQHandler
                0x000000000800d108                ADC_IRQHandler
                0x000000000800d108                DMA1_Stream7_IRQHandler
                0x000000000800d108                TIM7_IRQHandler
                0x000000000800d108                CAN2_TX_IRQHandler
                0x000000000800d108                TIM5_IRQHandler
                0x000000000800d108                I2C3_EV_IRQHandler
                0x000000000800d108                EXTI9_5_IRQHandler
                0x000000000800d108                RTC_WKUP_IRQHandler
                0x000000000800d108                ETH_WKUP_IRQHandler
                0x000000000800d108                SPI2_IRQHandler
                0x000000000800d108                OTG_HS_EP1_IN_IRQHandler
                0x000000000800d108                DMA1_Stream0_IRQHandler
                0x000000000800d108                CAN1_TX_IRQHandler
                0x000000000800d108                EXTI4_IRQHandler
                0x000000000800d108                FSMC_IRQHandler
                0x000000000800d108                ETH_IRQHandler
                0x000000000800d108                OTG_HS_EP1_OUT_IRQHandler
                0x000000000800d108                WWDG_IRQHandler
                0x000000000800d108                TIM2_IRQHandler
                0x000000000800d108                OTG_FS_WKUP_IRQHandler
                0x000000000800d108                TIM1_TRG_COM_TIM11_IRQHandler
                0x000000000800d108                OTG_HS_IRQHandler
                0x000000000800d108                EXTI1_IRQHandler
                0x000000000800d108                USART2_IRQHandler
                0x000000000800d108                I2C2_ER_IRQHandler
                0x000000000800d108                DMA2_Stream1_IRQHandler
                0x000000000800d108                CAN1_SCE_IRQHandler
                0x000000000800d108                FLASH_IRQHandler
                0x000000000800d108                DMA2_Stream4_IRQHandler
                0x000000000800d108                SPI3_IRQHandler
                0x000000000800d108                DMA1_Stream4_IRQHandler
                0x000000000800d108                I2C1_ER_IRQHandler
                0x000000000800d108                DMA2_Stream6_IRQHandler
                0x000000000800d108                DMA1_Stream3_IRQHandler
 *fill*         0x000000000800d10a        0x2 
 .text._Z13aRGB_led_showm
                0x000000000800d10c       0x9c CMakeFiles/RM_Frame_C.elf.dir/userCode/devices/Src/Device.cpp.obj
                0x000000000800d10c                aRGB_led_show(unsigned long)
 .text._Z15aRGB_led_changem
                0x000000000800d1a8      0x190 CMakeFiles/RM_Frame_C.elf.dir/userCode/devices/Src/Device.cpp.obj
                0x000000000800d1a8                aRGB_led_change(unsigned long)
 .text._Z15bsp_ADC_vccMoniv
                0x000000000800d338      0x194 CMakeFiles/RM_Frame_C.elf.dir/userCode/devices/Src/Device.cpp.obj
                0x000000000800d338                bsp_ADC_vccMoni()
 .text._Z14bsp_flash_readP12flash_data_t
                0x000000000800d4cc       0x24 CMakeFiles/RM_Frame_C.elf.dir/userCode/devices/Src/Device.cpp.obj
                0x000000000800d4cc                bsp_flash_read(flash_data_t*)
 .text.HAL_TIM_PeriodElapsedCallback
                0x000000000800d4f0       0x9c CMakeFiles/RM_Frame_C.elf.dir/userCode/devices/Src/Device.cpp.obj
                0x000000000800d4f0                HAL_TIM_PeriodElapsedCallback
 .text.HAL_GPIO_EXTI_Callback
                0x000000000800d58c       0x8c CMakeFiles/RM_Frame_C.elf.dir/userCode/devices/Src/Device.cpp.obj
                0x000000000800d58c                HAL_GPIO_EXTI_Callback
 .text.main     0x000000000800d618       0xac CMakeFiles/RM_Frame_C.elf.dir/userCode/devices/Src/Device.cpp.obj
                0x000000000800d618                main
 .text._ZN3PID7PIDCalcEff
                0x000000000800d6c4      0x276 CMakeFiles/RM_Frame_C.elf.dir/userCode/devices/Src/Motor.cpp.obj
                0x000000000800d6c4                PID::PIDCalc(float, float)
 *fill*         0x000000000800d93a        0x2 
 .text._ZN5Motor4InitEv
                0x000000000800d93c       0x70 CMakeFiles/RM_Frame_C.elf.dir/userCode/devices/Src/Motor.cpp.obj
                0x000000000800d93c                Motor::Init()
 .text._ZN5Motor14CANPackageSendEv
                0x000000000800d9ac      0x198 CMakeFiles/RM_Frame_C.elf.dir/userCode/devices/Src/Motor.cpp.obj
                0x000000000800d9ac                Motor::CANPackageSend()
 .text._ZN6DeviceC2Ev
                0x000000000800db44       0x20 CMakeFiles/RM_Frame_C.elf.dir/userCode/devices/Src/Motor.cpp.obj
                0x000000000800db44                Device::Device()
                0x000000000800db44                Device::Device()
 .text._ZSt4log2ImEN9__gnu_cxx11__enable_ifIXsrSt12__is_integerIT_E7__valueEdE6__typeES3_
                0x000000000800db64       0x28 CMakeFiles/RM_Frame_C.elf.dir/userCode/devices/Src/Motor.cpp.obj
                0x000000000800db64                __gnu_cxx::__enable_if<std::__is_integer<unsigned long>::__value, double>::__type std::log2<unsigned long>(unsigned long)
 .text._ZN5MotorC2EmP12MOTOR_INIT_t
                0x000000000800db8c       0xf0 CMakeFiles/RM_Frame_C.elf.dir/userCode/devices/Src/Motor.cpp.obj
                0x000000000800db8c                Motor::Motor(unsigned long, MOTOR_INIT_t*)
                0x000000000800db8c                Motor::Motor(unsigned long, MOTOR_INIT_t*)
 .text._ZN5MotorD2Ev
                0x000000000800dc7c       0x34 CMakeFiles/RM_Frame_C.elf.dir/userCode/devices/Src/Motor.cpp.obj
                0x000000000800dc7c                Motor::~Motor()
                0x000000000800dc7c                Motor::~Motor()
 .text._ZN5Motor6HandleEv
                0x000000000800dcb0       0x70 CMakeFiles/RM_Frame_C.elf.dir/userCode/devices/Src/Motor.cpp.obj
                0x000000000800dcb0                Motor::Handle()
 .text._ZN5Motor9IT_HandleEP19__CAN_HandleTypeDef
                0x000000000800dd20       0xd4 CMakeFiles/RM_Frame_C.elf.dir/userCode/devices/Src/Motor.cpp.obj
                0x000000000800dd20                Motor::IT_Handle(__CAN_HandleTypeDef*)
 .text._ZN5Motor14SetTargetSpeedEf
                0x000000000800ddf4       0x22 CMakeFiles/RM_Frame_C.elf.dir/userCode/devices/Src/Motor.cpp.obj
                0x000000000800ddf4                Motor::SetTargetSpeed(float)
 .text._ZN5Motor4StopEv
                0x000000000800de16       0x18 CMakeFiles/RM_Frame_C.elf.dir/userCode/devices/Src/Motor.cpp.obj
                0x000000000800de16                Motor::Stop()
 .text._ZN5Motor11ErrorHandleEv
                0x000000000800de2e       0x12 CMakeFiles/RM_Frame_C.elf.dir/userCode/devices/Src/Motor.cpp.obj
                0x000000000800de2e                Motor::ErrorHandle()
 .text._ZN5Motor16MotorStateUpdateEv
                0x000000000800de40      0x244 CMakeFiles/RM_Frame_C.elf.dir/userCode/devices/Src/Motor.cpp.obj
                0x000000000800de40                Motor::MotorStateUpdate()
 .text._ZN5Motor13IntensityCalcEv
                0x000000000800e084       0x86 CMakeFiles/RM_Frame_C.elf.dir/userCode/devices/Src/Motor.cpp.obj
                0x000000000800e084                Motor::IntensityCalc()
 .text.HAL_CAN_RxFifo0MsgPendingCallback
                0x000000000800e10a       0x16 CMakeFiles/RM_Frame_C.elf.dir/userCode/devices/Src/Motor.cpp.obj
                0x000000000800e10a                HAL_CAN_RxFifo0MsgPendingCallback
 .text._ZN13RemoteControl4initEv
                0x000000000800e120       0xcc CMakeFiles/RM_Frame_C.elf.dir/userCode/devices/Src/RemoteControl.cpp.obj
                0x000000000800e120                RemoteControl::init()
 .text._ZN13RemoteControl10sbus_to_rcEPVKh
                0x000000000800e1ec      0x214 CMakeFiles/RM_Frame_C.elf.dir/userCode/devices/Src/RemoteControl.cpp.obj
                0x000000000800e1ec                RemoteControl::sbus_to_rc(unsigned char const volatile*)
 .text._ZN13RemoteControl8ITHandleEv
                0x000000000800e400      0x170 CMakeFiles/RM_Frame_C.elf.dir/userCode/devices/Src/RemoteControl.cpp.obj
                0x000000000800e400                RemoteControl::ITHandle()
 .text.USART3_IRQHandler
                0x000000000800e570        0xc CMakeFiles/RM_Frame_C.elf.dir/userCode/devices/Src/RemoteControl.cpp.obj
                0x000000000800e570                USART3_IRQHandler
 .text._Z12ChassisStartv
                0x000000000800e57c        0xc CMakeFiles/RM_Frame_C.elf.dir/userCode/tasks/Src/ChassisTask.cpp.obj
                0x000000000800e57c                ChassisStart()
 .text._Z13ChassisHandlev
                0x000000000800e588       0x5c CMakeFiles/RM_Frame_C.elf.dir/userCode/tasks/Src/ChassisTask.cpp.obj
                0x000000000800e588                ChassisHandle()
 .text._Z18ChassisSetVelocityfff
                0x000000000800e5e4       0x40 CMakeFiles/RM_Frame_C.elf.dir/userCode/tasks/Src/ChassisTask.cpp.obj
                0x000000000800e5e4                ChassisSetVelocity(float, float, float)
 .text._Z11ChassisStopv
                0x000000000800e624       0x3c CMakeFiles/RM_Frame_C.elf.dir/userCode/tasks/Src/ChassisTask.cpp.obj
                0x000000000800e624                ChassisStop()
 .text._Z15WheelsSpeedCalcfff
                0x000000000800e660       0xc8 CMakeFiles/RM_Frame_C.elf.dir/userCode/tasks/Src/ChassisTask.cpp.obj
                0x000000000800e660                WheelsSpeedCalc(float, float, float)
 .text._Z41__static_initialization_and_destruction_0ii
                0x000000000800e728       0x90 CMakeFiles/RM_Frame_C.elf.dir/userCode/tasks/Src/ChassisTask.cpp.obj
 .text._GLOBAL__sub_I_pidRegulator
                0x000000000800e7b8       0x10 CMakeFiles/RM_Frame_C.elf.dir/userCode/tasks/Src/ChassisTask.cpp.obj
 .text._Z10CtrlHandlev
                0x000000000800e7c8       0xc0 CMakeFiles/RM_Frame_C.elf.dir/userCode/tasks/Src/ControlTask.cpp.obj
                0x000000000800e7c8                CtrlHandle()
 .text._Z8UserStopv
                0x000000000800e888       0x14 CMakeFiles/RM_Frame_C.elf.dir/userCode/tasks/Src/UserTask.cpp.obj
                0x000000000800e888                UserStop()
 .text._Z8UserInitv
                0x000000000800e89c        0xc CMakeFiles/RM_Frame_C.elf.dir/userCode/tasks/Src/UserTask.cpp.obj
                0x000000000800e89c                UserInit()
 .text._Z10UserHandlev
                0x000000000800e8a8       0x14 CMakeFiles/RM_Frame_C.elf.dir/userCode/tasks/Src/UserTask.cpp.obj
                0x000000000800e8a8                UserHandle()
 .text._Z41__static_initialization_and_destruction_0ii
                0x000000000800e8bc       0x48 CMakeFiles/RM_Frame_C.elf.dir/userCode/tasks/Src/UserTask.cpp.obj
 .text._GLOBAL__sub_I_userPidRegulator
                0x000000000800e904       0x10 CMakeFiles/RM_Frame_C.elf.dir/userCode/tasks/Src/UserTask.cpp.obj
 .text.__aeabi_atexit
                0x000000000800e914        0xa C:/ST/STM32CubeCLT/GNU-tools-for-STM32/bin/../lib/gcc/arm-none-eabi/11.3.1/../../../../arm-none-eabi/lib/thumb/v7e-m/nofp\libstdc++_nano.a(atexit_arm.o)
                0x000000000800e914                __aeabi_atexit
 .text._ZNK10__cxxabiv117__class_type_info11__do_upcastEPKS0_PPv
                0x000000000800e91e       0x32 C:/ST/STM32CubeCLT/GNU-tools-for-STM32/bin/../lib/gcc/arm-none-eabi/11.3.1/../../../../arm-none-eabi/lib/thumb/v7e-m/nofp\libstdc++_nano.a(class_type_info.o)
                0x000000000800e91e                __cxxabiv1::__class_type_info::__do_upcast(__cxxabiv1::__class_type_info const*, void**) const
 .text._ZNK10__cxxabiv117__class_type_info20__do_find_public_srcEiPKvPKS0_S2_
                0x000000000800e950        0xc C:/ST/STM32CubeCLT/GNU-tools-for-STM32/bin/../lib/gcc/arm-none-eabi/11.3.1/../../../../arm-none-eabi/lib/thumb/v7e-m/nofp\libstdc++_nano.a(class_type_info.o)
                0x000000000800e950                __cxxabiv1::__class_type_info::__do_find_public_src(int, void const*, __cxxabiv1::__class_type_info const*, void const*) const
 .text._ZN10__cxxabiv117__class_type_infoD2Ev
                0x000000000800e95c       0x14 C:/ST/STM32CubeCLT/GNU-tools-for-STM32/bin/../lib/gcc/arm-none-eabi/11.3.1/../../../../arm-none-eabi/lib/thumb/v7e-m/nofp\libstdc++_nano.a(class_type_info.o)
                0x000000000800e95c                __cxxabiv1::__class_type_info::~__class_type_info()
                0x000000000800e95c                __cxxabiv1::__class_type_info::~__class_type_info()
 .text._ZN10__cxxabiv117__class_type_infoD0Ev
                0x000000000800e970       0x14 C:/ST/STM32CubeCLT/GNU-tools-for-STM32/bin/../lib/gcc/arm-none-eabi/11.3.1/../../../../arm-none-eabi/lib/thumb/v7e-m/nofp\libstdc++_nano.a(class_type_info.o)
                0x000000000800e970                __cxxabiv1::__class_type_info::~__class_type_info()
 .text._ZNK10__cxxabiv117__class_type_info12__do_dyncastEiNS0_10__sub_kindEPKS0_PKvS3_S5_RNS0_16__dyncast_resultE
                0x000000000800e984       0x3e C:/ST/STM32CubeCLT/GNU-tools-for-STM32/bin/../lib/gcc/arm-none-eabi/11.3.1/../../../../arm-none-eabi/lib/thumb/v7e-m/nofp\libstdc++_nano.a(class_type_info.o)
                0x000000000800e984                __cxxabiv1::__class_type_info::__do_dyncast(int, __cxxabiv1::__class_type_info::__sub_kind, __cxxabiv1::__class_type_info const*, void const*, __cxxabiv1::__class_type_info const*, void const*, __cxxabiv1::__class_type_info::__dyncast_result&) const
 .text._ZNK10__cxxabiv117__class_type_info11__do_upcastEPKS0_PKvRNS0_15__upcast_resultE
                0x000000000800e9c2       0x18 C:/ST/STM32CubeCLT/GNU-tools-for-STM32/bin/../lib/gcc/arm-none-eabi/11.3.1/../../../../arm-none-eabi/lib/thumb/v7e-m/nofp\libstdc++_nano.a(class_type_info.o)